2025.06.15 11:56:56 INFO  Started: Metals version 1.5.3 in folders 'C:\Users\Luan Lima\Desktop\github\32_scala\scala\1_exemplo' for client Visual Studio Code 1.99.0.
2025.06.15 11:56:57 INFO  no build target found for C:\Users\Luan Lima\Desktop\github\32_scala\scala\1_exemplo\HelloWorld.scala. Using presentation compiler with project's scala-library version: 3.3.6
jun. 15, 2025 11:57:26 AM org.eclipse.lsp4j.jsonrpc.RemoteEndpoint handleCancellation
WARNING: Unmatched cancel notification for request id 1
jun. 15, 2025 11:57:26 AM org.eclipse.lsp4j.jsonrpc.RemoteEndpoint handleCancellation
WARNING: Unmatched cancel notification for request id 6
jun. 15, 2025 11:57:26 AM org.eclipse.lsp4j.jsonrpc.RemoteEndpoint handleCancellation
WARNING: Unmatched cancel notification for request id 2
2025.06.15 11:57:26 INFO  no build target found for C:\Users\Luan Lima\Desktop\github\32_scala\scala\1_exemplo\HelloWorld.scala. Using presentation compiler with project's scala-library version: 3.3.6
2025.06.15 11:57:26 WARN  no build target for: C:\Users\Luan Lima\Desktop\github\32_scala\scala\1_exemplo\HelloWorld.scala
2025.06.15 11:57:26 INFO  no build target found for C:\Users\Luan Lima\Desktop\github\32_scala\scala\1_exemplo\HelloWorld.scala. Using presentation compiler with project's scala-library version: 3.3.6
jun. 15, 2025 11:57:26 AM org.eclipse.lsp4j.jsonrpc.RemoteEndpoint handleCancellation
WARNING: Unmatched cancel notification for request id 8
2025.06.15 11:57:26 INFO  no build target found for C:\Users\Luan Lima\Desktop\github\32_scala\scala\1_exemplo\HelloWorld.scala. Using presentation compiler with project's scala-library version: 3.3.6
jun. 15, 2025 11:57:26 AM org.eclipse.lsp4j.jsonrpc.RemoteEndpoint handleCancellation
WARNING: Unmatched cancel notification for request id 10
jun. 15, 2025 11:57:26 AM org.eclipse.lsp4j.jsonrpc.RemoteEndpoint handleCancellation
WARNING: Unmatched cancel notification for request id 12
jun. 15, 2025 11:57:26 AM org.eclipse.lsp4j.jsonrpc.RemoteEndpoint handleCancellation
WARNING: Unmatched cancel notification for request id 11
jun. 15, 2025 11:57:26 AM org.eclipse.lsp4j.jsonrpc.RemoteEndpoint handleCancellation
WARNING: Unmatched cancel notification for request id 9
2025.06.15 11:57:26 WARN  no build target for: C:\Users\Luan Lima\Desktop\github\32_scala\scala\1_exemplo\HelloWorld.scala
2025.06.15 11:57:26 INFO  no build target found for C:\Users\Luan Lima\Desktop\github\32_scala\scala\1_exemplo\HelloWorld.scala. Using presentation compiler with project's scala-library version: 3.3.6
jun. 15, 2025 11:57:26 AM org.eclipse.lsp4j.jsonrpc.RemoteEndpoint handleCancellation
WARNING: Unmatched cancel notification for request id 16
2025.06.15 11:57:26 INFO  no build target found for C:\Users\Luan Lima\Desktop\github\32_scala\scala\1_exemplo\HelloWorld.scala. Using presentation compiler with project's scala-library version: 3.3.6
jun. 15, 2025 11:57:26 AM org.eclipse.lsp4j.jsonrpc.RemoteEndpoint handleCancellation
WARNING: Unmatched cancel notification for request id 18
2025.06.15 11:57:26 INFO  no build target found for C:\Users\Luan Lima\Desktop\github\32_scala\scala\1_exemplo\HelloWorld.scala. Using presentation compiler with project's scala-library version: 3.3.6
2025.06.15 11:57:28 INFO  Running List(C:\Users\Luan Lima\AppData\Local\Coursier\data\bin\scala-cli.BAT, setup-ide, C:\Users\Luan Lima\Desktop\github\32_scala\scala\1_exemplo)
2025.06.15 11:57:29 INFO  Attempting to connect to the build server...
2025.06.15 11:57:29 INFO  Running BSP server List(C:\Users\Luan Lima\AppData\Local\Coursier\data\bin\.scala-cli.aux.exe, bsp, --json-options, C:\Users\Luan Lima\Desktop\github\32_scala\scala\1_exemplo\.scala-build\ide-options-v2.json, C:\Users\Luan Lima\Desktop\github\32_scala\scala\1_exemplo)
2025.06.15 11:57:28 INFO  tracing is disabled for protocol BSP, to enable tracing of incoming and outgoing JSON messages create an empty file at C:\Users\Luan Lima\Desktop\github\32_scala\scala\1_exemplo\.metals\bsp.trace.json or C:\Users\Luan Lima\AppData\Local\scalameta\metals\cache\bsp.trace.json
2025.06.15 11:57:30 INFO  BSP server: Downloading https://repo1.maven.org/maven2/io/github/alexarchambault/bleep/bloop-frontend_2.12/1.5.11-sc-3/bloop-frontend_2.12-1.5.11-sc-3.pom
2025.06.15 11:57:30 INFO  BSP server: Downloaded https://repo1.maven.org/maven2/io/github/alexarchambault/bleep/bloop-frontend_2.12/1.5.11-sc-3/bloop-frontend_2.12-1.5.11-sc-3.pom
2025.06.15 11:57:30 INFO  BSP server: Downloading https://repo1.maven.org/maven2/org/scala-lang/scala-library/2.12.18/scala-library-2.12.18.pom
2025.06.15 11:57:30 INFO  BSP server: Downloading https://repo1.maven.org/maven2/io/github/alexarchambault/bleep/bloop-backend_2.12/1.5.11-sc-3/bloop-backend_2.12-1.5.11-sc-3.pom
2025.06.15 11:57:30 INFO  BSP server: Downloading https://repo1.maven.org/maven2/io/github/alexarchambault/libdaemon/libdaemon_2.12/0.0.11/libdaemon_2.12-0.0.11.pom
2025.06.15 11:57:30 INFO  BSP server: Downloading https://repo1.maven.org/maven2/ch/epfl/scala/scala-debug-adapter_2.12/3.1.4/scala-debug-adapter_2.12-3.1.4.pom
2025.06.15 11:57:30 INFO  BSP server: Downloading https://repo1.maven.org/maven2/ch/qos/logback/logback-classic/1.4.6/logback-classic-1.4.6.pom
2025.06.15 11:57:30 INFO  BSP server: Downloading https://repo1.maven.org/maven2/ch/epfl/scala/bloop-config_2.12/1.5.5/bloop-config_2.12-1.5.5.pom
2025.06.15 11:57:30 INFO  BSP server: Downloaded https://repo1.maven.org/maven2/org/scala-lang/scala-library/2.12.18/scala-library-2.12.18.pom
2025.06.15 11:57:30 INFO  BSP server: Downloading https://repo1.maven.org/maven2/com/github/alexarchambault/case-app_2.12/2.0.6/case-app_2.12-2.0.6.pom
2025.06.15 11:57:31 INFO  BSP server: Downloaded https://repo1.maven.org/maven2/com/github/alexarchambault/case-app_2.12/2.0.6/case-app_2.12-2.0.6.pom
2025.06.15 11:57:31 INFO  BSP server: Downloaded https://repo1.maven.org/maven2/ch/qos/logback/logback-classic/1.4.6/logback-classic-1.4.6.pom
2025.06.15 11:57:31 INFO  BSP server: Downloaded https://repo1.maven.org/maven2/io/github/alexarchambault/libdaemon/libdaemon_2.12/0.0.11/libdaemon_2.12-0.0.11.pom
2025.06.15 11:57:31 INFO  BSP server: Downloaded https://repo1.maven.org/maven2/ch/epfl/scala/bloop-config_2.12/1.5.5/bloop-config_2.12-1.5.5.pom
2025.06.15 11:57:31 INFO  BSP server: Downloaded https://repo1.maven.org/maven2/ch/epfl/scala/scala-debug-adapter_2.12/3.1.4/scala-debug-adapter_2.12-3.1.4.pom
2025.06.15 11:57:31 INFO  BSP server: Downloaded https://repo1.maven.org/maven2/io/github/alexarchambault/bleep/bloop-backend_2.12/1.5.11-sc-3/bloop-backend_2.12-1.5.11-sc-3.pom
2025.06.15 11:57:31 INFO  BSP server: Downloading https://repo1.maven.org/maven2/ch/qos/logback/logback-parent/1.4.6/logback-parent-1.4.6.pom
2025.06.15 11:57:31 INFO  BSP server: Downloaded https://repo1.maven.org/maven2/ch/qos/logback/logback-parent/1.4.6/logback-parent-1.4.6.pom
2025.06.15 11:57:31 INFO  BSP server: Downloading https://repo1.maven.org/maven2/ch/epfl/scala/com-microsoft-java-debug-core/0.34.0+20/com-microsoft-java-debug-core-0.34.0+20.pom
2025.06.15 11:57:31 INFO  BSP server: Downloading https://repo1.maven.org/maven2/com/github/alexarchambault/case-app-util_2.12/2.0.6/case-app-util_2.12-2.0.6.pom
2025.06.15 11:57:31 INFO  BSP server: Downloading https://repo1.maven.org/maven2/com/github/alexarchambault/case-app-annotations_2.12/2.0.6/case-app-annotations_2.12-2.0.6.pom
2025.06.15 11:57:31 INFO  BSP server: Downloading https://repo1.maven.org/maven2/io/github/alexarchambault/bleep/bloop-shared_2.12/1.5.11-sc-3/bloop-shared_2.12-1.5.11-sc-3.pom
2025.06.15 11:57:31 INFO  BSP server: Downloading https://repo1.maven.org/maven2/org/scala-sbt/test-agent/1.8.3/test-agent-1.8.3.pom
2025.06.15 11:57:31 INFO  BSP server: Downloading https://repo1.maven.org/maven2/org/scala-lang/modules/scala-collection-compat_2.12/2.11.0/scala-collection-compat_2.12-2.11.0.pom
2025.06.15 11:57:31 INFO  BSP server: Downloaded https://repo1.maven.org/maven2/com/github/alexarchambault/case-app-util_2.12/2.0.6/case-app-util_2.12-2.0.6.pom
2025.06.15 11:57:31 INFO  BSP server: Downloading https://repo1.maven.org/maven2/ch/epfl/scala/directory-watcher/0.8.0+6-f651bd93/directory-watcher-0.8.0+6-f651bd93.pom
2025.06.15 11:57:31 INFO  BSP server: Downloaded https://repo1.maven.org/maven2/com/github/alexarchambault/case-app-annotations_2.12/2.0.6/case-app-annotations_2.12-2.0.6.pom
2025.06.15 11:57:31 INFO  BSP server: Downloading https://repo1.maven.org/maven2/io/zipkin/brave/brave/5.16.0/brave-5.16.0.pom
2025.06.15 11:57:31 INFO  BSP server: Downloaded https://repo1.maven.org/maven2/ch/epfl/scala/com-microsoft-java-debug-core/0.34.0+20/com-microsoft-java-debug-core-0.34.0+20.pom
2025.06.15 11:57:31 INFO  BSP server: Downloading https://repo1.maven.org/maven2/org/slf4j/slf4j-api/2.0.4/slf4j-api-2.0.4.pom
2025.06.15 11:57:31 INFO  BSP server: Downloaded https://repo1.maven.org/maven2/org/scala-sbt/test-agent/1.8.3/test-agent-1.8.3.pom
2025.06.15 11:57:31 INFO  BSP server: Downloaded https://repo1.maven.org/maven2/io/github/alexarchambault/bleep/bloop-shared_2.12/1.5.11-sc-3/bloop-shared_2.12-1.5.11-sc-3.pom
2025.06.15 11:57:31 INFO  BSP server: Downloading https://repo1.maven.org/maven2/org/zeroturnaround/zt-zip/1.16/zt-zip-1.16.pom
2025.06.15 11:57:31 INFO  BSP server: Downloading https://repo1.maven.org/maven2/org/scalaz/scalaz-core_2.12/7.3.7/scalaz-core_2.12-7.3.7.pom
2025.06.15 11:57:31 INFO  BSP server: Downloaded https://repo1.maven.org/maven2/ch/epfl/scala/directory-watcher/0.8.0+6-f651bd93/directory-watcher-0.8.0+6-f651bd93.pom
2025.06.15 11:57:31 INFO  BSP server: Downloading https://repo1.maven.org/maven2/org/scala-sbt/librarymanagement-ivy_2.12/1.9.3/librarymanagement-ivy_2.12-1.9.3.pom
2025.06.15 11:57:31 INFO  BSP server: Downloaded https://repo1.maven.org/maven2/org/slf4j/slf4j-api/2.0.4/slf4j-api-2.0.4.pom
2025.06.15 11:57:31 INFO  BSP server: Downloading https://repo1.maven.org/maven2/io/zipkin/reporter2/zipkin-sender-urlconnection/2.16.4/zipkin-sender-urlconnection-2.16.4.pom
2025.06.15 11:57:31 INFO  BSP server: Downloaded https://repo1.maven.org/maven2/io/zipkin/brave/brave/5.16.0/brave-5.16.0.pom
2025.06.15 11:57:31 INFO  BSP server: Downloading https://repo1.maven.org/maven2/io/github/alexarchambault/bleep/nailgun-server/1.0.7/nailgun-server-1.0.7.pom
2025.06.15 11:57:31 INFO  BSP server: Downloaded https://repo1.maven.org/maven2/org/scalaz/scalaz-core_2.12/7.3.7/scalaz-core_2.12-7.3.7.pom
2025.06.15 11:57:31 INFO  BSP server: Downloading https://repo1.maven.org/maven2/com/lihaoyi/pprint_2.12/0.8.1/pprint_2.12-0.8.1.pom
2025.06.15 11:57:31 INFO  BSP server: Downloaded https://repo1.maven.org/maven2/org/zeroturnaround/zt-zip/1.16/zt-zip-1.16.pom
2025.06.15 11:57:31 INFO  BSP server: Downloading https://repo1.maven.org/maven2/org/scala-lang/scala-reflect/2.12.18/scala-reflect-2.12.18.pom
2025.06.15 11:57:31 INFO  BSP server: Downloaded https://repo1.maven.org/maven2/org/scala-lang/modules/scala-collection-compat_2.12/2.11.0/scala-collection-compat_2.12-2.11.0.pom
2025.06.15 11:57:31 INFO  BSP server: Downloading https://repo1.maven.org/maven2/org/ow2/asm/asm-util/9.6/asm-util-9.6.pom
2025.06.15 11:57:31 INFO  BSP server: Downloaded https://repo1.maven.org/maven2/org/scala-sbt/librarymanagement-ivy_2.12/1.9.3/librarymanagement-ivy_2.12-1.9.3.pom
2025.06.15 11:57:31 INFO  BSP server: Downloading https://repo1.maven.org/maven2/io/monix/monix_2.12/3.2.0/monix_2.12-3.2.0.pom
2025.06.15 11:57:31 INFO  BSP server: Downloaded https://repo1.maven.org/maven2/io/github/alexarchambault/bleep/nailgun-server/1.0.7/nailgun-server-1.0.7.pom
2025.06.15 11:57:31 INFO  BSP server: Downloading https://repo1.maven.org/maven2/com/lihaoyi/sourcecode_2.12/0.3.1/sourcecode_2.12-0.3.1.pom
2025.06.15 11:57:31 INFO  BSP server: Downloaded https://repo1.maven.org/maven2/io/zipkin/reporter2/zipkin-sender-urlconnection/2.16.4/zipkin-sender-urlconnection-2.16.4.pom
2025.06.15 11:57:31 INFO  BSP server: Downloading https://repo1.maven.org/maven2/com/github/plokhotnyuk/jsoniter-scala/jsoniter-scala-core_2.12/2.4.0/jsoniter-scala-core_2.12-2.4.0.pom
2025.06.15 11:57:31 INFO  BSP server: Downloaded https://repo1.maven.org/maven2/com/lihaoyi/pprint_2.12/0.8.1/pprint_2.12-0.8.1.pom
2025.06.15 11:57:32 INFO  BSP server: Downloading https://repo1.maven.org/maven2/ch/qos/logback/logback-core/1.4.6/logback-core-1.4.6.pom
2025.06.15 11:57:32 INFO  BSP server: Downloaded https://repo1.maven.org/maven2/org/scala-lang/scala-reflect/2.12.18/scala-reflect-2.12.18.pom
2025.06.15 11:57:32 INFO  BSP server: Downloaded https://repo1.maven.org/maven2/org/ow2/asm/asm-util/9.6/asm-util-9.6.pom
2025.06.15 11:57:32 INFO  BSP server: Downloaded https://repo1.maven.org/maven2/io/monix/monix_2.12/3.2.0/monix_2.12-3.2.0.pom
2025.06.15 11:57:32 INFO  BSP server: Downloaded https://repo1.maven.org/maven2/com/lihaoyi/sourcecode_2.12/0.3.1/sourcecode_2.12-0.3.1.pom
2025.06.15 11:57:32 INFO  BSP server: Downloaded https://repo1.maven.org/maven2/com/github/plokhotnyuk/jsoniter-scala/jsoniter-scala-core_2.12/2.4.0/jsoniter-scala-core_2.12-2.4.0.pom
2025.06.15 11:57:32 INFO  BSP server: Downloaded https://repo1.maven.org/maven2/ch/qos/logback/logback-core/1.4.6/logback-core-1.4.6.pom
2025.06.15 11:57:32 INFO  BSP server: Downloading https://repo1.maven.org/maven2/io/zipkin/brave/brave-parent/5.16.0/brave-parent-5.16.0.pom
2025.06.15 11:57:32 INFO  BSP server: Downloading https://repo1.maven.org/maven2/io/zipkin/reporter2/zipkin-reporter-parent/2.16.4/zipkin-reporter-parent-2.16.4.pom
2025.06.15 11:57:32 INFO  BSP server: Downloading https://repo1.maven.org/maven2/org/slf4j/slf4j-parent/2.0.4/slf4j-parent-2.0.4.pom
2025.06.15 11:57:32 INFO  BSP server: Downloaded https://repo1.maven.org/maven2/org/slf4j/slf4j-parent/2.0.4/slf4j-parent-2.0.4.pom
2025.06.15 11:57:32 INFO  BSP server: Downloaded https://repo1.maven.org/maven2/io/zipkin/brave/brave-parent/5.16.0/brave-parent-5.16.0.pom
2025.06.15 11:57:32 INFO  BSP server: Downloaded https://repo1.maven.org/maven2/io/zipkin/reporter2/zipkin-reporter-parent/2.16.4/zipkin-reporter-parent-2.16.4.pom
2025.06.15 11:57:32 INFO  BSP server: Downloading https://repo1.maven.org/maven2/org/scala-sbt/test-agent/1.9.7/test-agent-1.9.7.pom
2025.06.15 11:57:32 INFO  BSP server: Downloading https://repo1.maven.org/maven2/org/scala-sbt/zinc_2.12/1.9.5/zinc_2.12-1.9.5.pom
2025.06.15 11:57:32 INFO  BSP server: Downloading https://repo1.maven.org/maven2/org/scala-sbt/librarymanagement-core_2.12/1.9.3/librarymanagement-core_2.12-1.9.3.pom
2025.06.15 11:57:32 INFO  BSP server: Downloading https://repo1.maven.org/maven2/io/zipkin/reporter2/zipkin-reporter/2.16.4/zipkin-reporter-2.16.4.pom
2025.06.15 11:57:32 INFO  BSP server: Downloading https://repo1.maven.org/maven2/io/monix/monix-execution_2.12/3.2.0/monix-execution_2.12-3.2.0.pom
2025.06.15 11:57:32 INFO  BSP server: Downloading https://repo1.maven.org/maven2/ch/epfl/scala/bsp4s_2.12/2.1.0-M7/bsp4s_2.12-2.1.0-M7.pom
2025.06.15 11:57:32 INFO  BSP server: Downloaded https://repo1.maven.org/maven2/org/scala-sbt/test-agent/1.9.7/test-agent-1.9.7.pom
2025.06.15 11:57:32 INFO  BSP server: Downloading https://repo1.maven.org/maven2/io/monix/monix-catnap_2.12/3.2.0/monix-catnap_2.12-3.2.0.pom
2025.06.15 11:57:32 INFO  BSP server: Downloaded https://repo1.maven.org/maven2/org/scala-sbt/zinc_2.12/1.9.5/zinc_2.12-1.9.5.pom
2025.06.15 11:57:32 INFO  BSP server: Downloading https://repo1.maven.org/maven2/io/monix/monix-eval_2.12/3.2.0/monix-eval_2.12-3.2.0.pom
2025.06.15 11:57:32 INFO  BSP server: Downloaded https://repo1.maven.org/maven2/org/scala-sbt/librarymanagement-core_2.12/1.9.3/librarymanagement-core_2.12-1.9.3.pom
2025.06.15 11:57:32 INFO  BSP server: Downloading https://repo1.maven.org/maven2/io/monix/monix-java_2.12/3.2.0/monix-java_2.12-3.2.0.pom
2025.06.15 11:57:32 INFO  BSP server: Downloaded https://repo1.maven.org/maven2/io/zipkin/reporter2/zipkin-reporter/2.16.4/zipkin-reporter-2.16.4.pom
2025.06.15 11:57:32 INFO  BSP server: Downloading https://repo1.maven.org/maven2/net/java/dev/jna/jna-platform/4.4.0/jna-platform-4.4.0.pom
2025.06.15 11:57:32 INFO  BSP server: Downloaded https://repo1.maven.org/maven2/io/monix/monix-execution_2.12/3.2.0/monix-execution_2.12-3.2.0.pom
2025.06.15 11:57:32 INFO  BSP server: Downloading https://repo1.maven.org/maven2/org/apache/commons/commons-lang3/3.13.0/commons-lang3-3.13.0.pom
2025.06.15 11:57:32 INFO  BSP server: Downloaded https://repo1.maven.org/maven2/io/monix/monix-catnap_2.12/3.2.0/monix-catnap_2.12-3.2.0.pom
2025.06.15 11:57:32 INFO  BSP server: Downloading https://repo1.maven.org/maven2/com/github/plokhotnyuk/jsoniter-scala/jsoniter-scala-core_2.12/2.13.3.2/jsoniter-scala-core_2.12-2.13.3.2.pom
2025.06.15 11:57:32 INFO  BSP server: Downloaded https://repo1.maven.org/maven2/io/monix/monix-eval_2.12/3.2.0/monix-eval_2.12-3.2.0.pom
2025.06.15 11:57:32 INFO  BSP server: Downloading https://repo1.maven.org/maven2/org/ow2/asm/asm-tree/9.6/asm-tree-9.6.pom
2025.06.15 11:57:32 INFO  BSP server: Downloaded https://repo1.maven.org/maven2/io/monix/monix-java_2.12/3.2.0/monix-java_2.12-3.2.0.pom
2025.06.15 11:57:32 INFO  BSP server: Downloading https://repo1.maven.org/maven2/org/ow2/asm/asm-analysis/9.6/asm-analysis-9.6.pom
2025.06.15 11:57:32 INFO  BSP server: Downloaded https://repo1.maven.org/maven2/net/java/dev/jna/jna-platform/4.4.0/jna-platform-4.4.0.pom
2025.06.15 11:57:32 INFO  BSP server: Downloading https://repo1.maven.org/maven2/io/monix/monix-tail_2.12/3.2.0/monix-tail_2.12-3.2.0.pom
2025.06.15 11:57:32 INFO  BSP server: Downloaded https://repo1.maven.org/maven2/org/apache/commons/commons-lang3/3.13.0/commons-lang3-3.13.0.pom
2025.06.15 11:57:32 INFO  BSP server: Downloading https://repo1.maven.org/maven2/io/get-coursier/interface/1.0.13/interface-1.0.13.pom
2025.06.15 11:57:32 INFO  BSP server: Downloaded https://repo1.maven.org/maven2/ch/epfl/scala/bsp4s_2.12/2.1.0-M7/bsp4s_2.12-2.1.0-M7.pom
2025.06.15 11:57:32 INFO  BSP server: Downloading https://repo1.maven.org/maven2/org/apache/logging/log4j/log4j-core/2.21.1/log4j-core-2.21.1.pom
2025.06.15 11:57:32 INFO  BSP server: Downloaded https://repo1.maven.org/maven2/com/github/plokhotnyuk/jsoniter-scala/jsoniter-scala-core_2.12/2.13.3.2/jsoniter-scala-core_2.12-2.13.3.2.pom
2025.06.15 11:57:32 INFO  BSP server: Downloaded https://repo1.maven.org/maven2/org/ow2/asm/asm-tree/9.6/asm-tree-9.6.pom
2025.06.15 11:57:32 INFO  BSP server: Downloading https://repo1.maven.org/maven2/net/jpountz/lz4/lz4/1.3.0/lz4-1.3.0.pom
2025.06.15 11:57:32 INFO  BSP server: Downloaded https://repo1.maven.org/maven2/org/ow2/asm/asm-analysis/9.6/asm-analysis-9.6.pom
2025.06.15 11:57:32 INFO  BSP server: Downloading https://repo1.maven.org/maven2/com/chuusai/shapeless_2.12/2.3.3/shapeless_2.12-2.3.3.pom
2025.06.15 11:57:32 INFO  BSP server: Downloading https://repo1.maven.org/maven2/com/eed3si9n/sjson-new-core_2.12/0.9.0/sjson-new-core_2.12-0.9.0.pom
2025.06.15 11:57:32 INFO  BSP server: Downloaded https://repo1.maven.org/maven2/io/monix/monix-tail_2.12/3.2.0/monix-tail_2.12-3.2.0.pom
2025.06.15 11:57:32 INFO  BSP server: Downloading https://repo1.maven.org/maven2/commons-io/commons-io/2.13.0/commons-io-2.13.0.pom
2025.06.15 11:57:32 INFO  BSP server: Downloaded https://repo1.maven.org/maven2/io/get-coursier/interface/1.0.13/interface-1.0.13.pom
2025.06.15 11:57:32 INFO  BSP server: Downloading https://repo1.maven.org/maven2/io/zipkin/reporter2/zipkin-reporter-brave/2.16.3/zipkin-reporter-brave-2.16.3.pom
2025.06.15 11:57:33 INFO  BSP server: Downloaded https://repo1.maven.org/maven2/org/apache/logging/log4j/log4j-core/2.21.1/log4j-core-2.21.1.pom
2025.06.15 11:57:33 INFO  BSP server: Downloading https://repo1.maven.org/maven2/net/java/dev/jna/jna/4.5.2/jna-4.5.2.pom
2025.06.15 11:57:33 INFO  BSP server: Downloaded https://repo1.maven.org/maven2/net/jpountz/lz4/lz4/1.3.0/lz4-1.3.0.pom
2025.06.15 11:57:33 INFO  BSP server: Downloading https://repo1.maven.org/maven2/io/monix/monix-reactive_2.12/3.2.0/monix-reactive_2.12-3.2.0.pom
2025.06.15 11:57:33 INFO  BSP server: Downloaded https://repo1.maven.org/maven2/com/chuusai/shapeless_2.12/2.3.3/shapeless_2.12-2.3.3.pom
2025.06.15 11:57:33 INFO  BSP server: Downloaded https://repo1.maven.org/maven2/commons-io/commons-io/2.13.0/commons-io-2.13.0.pom
2025.06.15 11:57:33 INFO  BSP server: Downloading https://repo1.maven.org/maven2/com/lihaoyi/fansi_2.12/0.4.0/fansi_2.12-0.4.0.pom
2025.06.15 11:57:33 INFO  BSP server: Downloaded https://repo1.maven.org/maven2/com/eed3si9n/sjson-new-core_2.12/0.9.0/sjson-new-core_2.12-0.9.0.pom
2025.06.15 11:57:33 INFO  BSP server: Downloaded https://repo1.maven.org/maven2/io/zipkin/reporter2/zipkin-reporter-brave/2.16.3/zipkin-reporter-brave-2.16.3.pom
2025.06.15 11:57:33 INFO  BSP server: Downloading https://repo1.maven.org/maven2/org/scala-sbt/ivy/ivy/2.3.0-sbt-396a783bba347016e7fe30dacc60d355be607fe2/ivy-2.3.0-sbt-396a783bba347016e7fe30dacc60d355be607fe2.pom
2025.06.15 11:57:33 INFO  BSP server: Downloaded https://repo1.maven.org/maven2/net/java/dev/jna/jna/4.5.2/jna-4.5.2.pom
2025.06.15 11:57:33 INFO  BSP server: Downloaded https://repo1.maven.org/maven2/io/monix/monix-reactive_2.12/3.2.0/monix-reactive_2.12-3.2.0.pom
2025.06.15 11:57:33 INFO  BSP server: Downloaded https://repo1.maven.org/maven2/com/lihaoyi/fansi_2.12/0.4.0/fansi_2.12-0.4.0.pom
2025.06.15 11:57:33 INFO  BSP server: Downloaded https://repo1.maven.org/maven2/org/scala-sbt/ivy/ivy/2.3.0-sbt-396a783bba347016e7fe30dacc60d355be607fe2/ivy-2.3.0-sbt-396a783bba347016e7fe30dacc60d355be607fe2.pom
2025.06.15 11:57:33 INFO  BSP server: Downloading https://repo1.maven.org/maven2/io/zipkin/reporter2/zipkin-reporter-parent/2.16.3/zipkin-reporter-parent-2.16.3.pom
2025.06.15 11:57:33 INFO  BSP server: Downloading https://repo1.maven.org/maven2/org/apache/logging/log4j/log4j/2.21.1/log4j-2.21.1.pom
2025.06.15 11:57:33 INFO  BSP server: Downloading https://repo1.maven.org/maven2/org/apache/commons/commons-parent/58/commons-parent-58.pom
2025.06.15 11:57:33 INFO  BSP server: Downloaded https://repo1.maven.org/maven2/io/zipkin/reporter2/zipkin-reporter-parent/2.16.3/zipkin-reporter-parent-2.16.3.pom
2025.06.15 11:57:33 INFO  BSP server: Downloaded https://repo1.maven.org/maven2/org/apache/logging/log4j/log4j/2.21.1/log4j-2.21.1.pom
2025.06.15 11:57:33 INFO  BSP server: Downloaded https://repo1.maven.org/maven2/org/apache/commons/commons-parent/58/commons-parent-58.pom
2025.06.15 11:57:33 INFO  BSP server: Downloading https://repo1.maven.org/maven2/org/apache/apache/29/apache-29.pom
2025.06.15 11:57:33 INFO  BSP server: Downloading https://repo1.maven.org/maven2/org/apache/logging/log4j/log4j-bom/2.21.1/log4j-bom-2.21.1.pom
2025.06.15 11:57:33 INFO  BSP server: Downloaded https://repo1.maven.org/maven2/org/apache/apache/29/apache-29.pom
2025.06.15 11:57:33 INFO  BSP server: Downloaded https://repo1.maven.org/maven2/org/apache/logging/log4j/log4j-bom/2.21.1/log4j-bom-2.21.1.pom
2025.06.15 11:57:33 INFO  BSP server: Downloading https://repo1.maven.org/maven2/org/apache/logging/logging-parent/10.1.1/logging-parent-10.1.1.pom
2025.06.15 11:57:34 INFO  BSP server: Downloaded https://repo1.maven.org/maven2/org/apache/logging/logging-parent/10.1.1/logging-parent-10.1.1.pom
2025.06.15 11:57:34 INFO  BSP server: Downloading https://repo1.maven.org/maven2/org/springframework/spring-framework-bom/5.3.29/spring-framework-bom-5.3.29.pom
2025.06.15 11:57:34 INFO  BSP server: Downloading https://repo1.maven.org/maven2/io/netty/netty-bom/4.1.97.Final/netty-bom-4.1.97.Final.pom
2025.06.15 11:57:34 INFO  BSP server: Downloading https://repo1.maven.org/maven2/org/eclipse/jetty/jetty-bom/9.4.53.v20231009/jetty-bom-9.4.53.v20231009.pom
2025.06.15 11:57:34 INFO  BSP server: Downloading https://repo1.maven.org/maven2/io/fabric8/kubernetes-client-bom/5.12.4/kubernetes-client-bom-5.12.4.pom
2025.06.15 11:57:34 INFO  BSP server: Downloading https://repo1.maven.org/maven2/org/mockito/mockito-bom/4.11.0/mockito-bom-4.11.0.pom
2025.06.15 11:57:34 INFO  BSP server: Downloading https://repo1.maven.org/maven2/org/codehaus/groovy/groovy-bom/3.0.19/groovy-bom-3.0.19.pom
2025.06.15 11:57:34 INFO  BSP server: Downloaded https://repo1.maven.org/maven2/org/springframework/spring-framework-bom/5.3.29/spring-framework-bom-5.3.29.pom
2025.06.15 11:57:34 INFO  BSP server: Downloading https://repo1.maven.org/maven2/jakarta/platform/jakarta.jakartaee-bom/9.1.0/jakarta.jakartaee-bom-9.1.0.pom
2025.06.15 11:57:34 INFO  BSP server: Downloaded https://repo1.maven.org/maven2/io/netty/netty-bom/4.1.97.Final/netty-bom-4.1.97.Final.pom
2025.06.15 11:57:34 INFO  BSP server: Downloading https://repo1.maven.org/maven2/org/ow2/asm/asm-bom/9.5/asm-bom-9.5.pom
2025.06.15 11:57:34 INFO  BSP server: Downloaded https://repo1.maven.org/maven2/org/eclipse/jetty/jetty-bom/9.4.53.v20231009/jetty-bom-9.4.53.v20231009.pom
2025.06.15 11:57:34 INFO  BSP server: Downloaded https://repo1.maven.org/maven2/org/mockito/mockito-bom/4.11.0/mockito-bom-4.11.0.pom
2025.06.15 11:57:34 INFO  BSP server: Downloaded https://repo1.maven.org/maven2/io/fabric8/kubernetes-client-bom/5.12.4/kubernetes-client-bom-5.12.4.pom
2025.06.15 11:57:34 INFO  BSP server: Downloaded https://repo1.maven.org/maven2/org/ow2/asm/asm-bom/9.5/asm-bom-9.5.pom
2025.06.15 11:57:34 INFO  BSP server: Downloaded https://repo1.maven.org/maven2/jakarta/platform/jakarta.jakartaee-bom/9.1.0/jakarta.jakartaee-bom-9.1.0.pom
2025.06.15 11:57:34 INFO  BSP server: Downloaded https://repo1.maven.org/maven2/org/codehaus/groovy/groovy-bom/3.0.19/groovy-bom-3.0.19.pom
2025.06.15 11:57:34 INFO  BSP server: Downloading https://repo1.maven.org/maven2/jakarta/platform/jakartaee-api-parent/9.1.0/jakartaee-api-parent-9.1.0.pom
2025.06.15 11:57:34 INFO  BSP server: Downloaded https://repo1.maven.org/maven2/jakarta/platform/jakartaee-api-parent/9.1.0/jakartaee-api-parent-9.1.0.pom
2025.06.15 11:57:34 INFO  BSP server: Downloading https://repo1.maven.org/maven2/com/eed3si9n/gigahorse-apache-http_2.12/0.7.0/gigahorse-apache-http_2.12-0.7.0.pom
2025.06.15 11:57:34 INFO  BSP server: Downloading https://repo1.maven.org/maven2/org/scala-sbt/launcher-interface/1.0.0/launcher-interface-1.0.0.pom
2025.06.15 11:57:34 INFO  BSP server: Downloading https://repo1.maven.org/maven2/org/scala-sbt/zinc-core_2.12/1.9.5/zinc-core_2.12-1.9.5.pom
2025.06.15 11:57:34 INFO  BSP server: Downloading https://repo1.maven.org/maven2/org/scala-sbt/io_2.12/1.9.1/io_2.12-1.9.1.pom
2025.06.15 11:57:34 INFO  BSP server: Downloading https://repo1.maven.org/maven2/org/slf4j/slf4j-api/2.0.6/slf4j-api-2.0.6.pom
2025.06.15 11:57:34 INFO  BSP server: Downloading https://repo1.maven.org/maven2/io/zipkin/zipkin2/zipkin/2.23.2/zipkin-2.23.2.pom
2025.06.15 11:57:35 INFO  BSP server: Downloaded https://repo1.maven.org/maven2/com/eed3si9n/gigahorse-apache-http_2.12/0.7.0/gigahorse-apache-http_2.12-0.7.0.pom
2025.06.15 11:57:35 INFO  BSP server: Downloading https://repo1.maven.org/maven2/org/jctools/jctools-core/2.1.2/jctools-core-2.1.2.pom
2025.06.15 11:57:35 INFO  BSP server: Downloaded https://repo1.maven.org/maven2/org/slf4j/slf4j-api/2.0.6/slf4j-api-2.0.6.pom
2025.06.15 11:57:35 INFO  BSP server: Downloading https://repo1.maven.org/maven2/org/scala-lang/scala-compiler/2.12.18/scala-compiler-2.12.18.pom
2025.06.15 11:57:35 INFO  BSP server: Downloaded https://repo1.maven.org/maven2/org/scala-sbt/io_2.12/1.9.1/io_2.12-1.9.1.pom
2025.06.15 11:57:35 INFO  BSP server: Downloading https://repo1.maven.org/maven2/org/scala-sbt/util-position_2.12/1.9.1/util-position_2.12-1.9.1.pom
2025.06.15 11:57:35 INFO  BSP server: Downloaded https://repo1.maven.org/maven2/org/scala-sbt/launcher-interface/1.0.0/launcher-interface-1.0.0.pom
2025.06.15 11:57:35 INFO  BSP server: Downloading https://repo1.maven.org/maven2/org/scala-sbt/util-cache_2.12/1.9.1/util-cache_2.12-1.9.1.pom
2025.06.15 11:57:35 INFO  BSP server: Downloaded https://repo1.maven.org/maven2/org/scala-sbt/zinc-core_2.12/1.9.5/zinc-core_2.12-1.9.5.pom
2025.06.15 11:57:35 INFO  BSP server: Downloading https://repo1.maven.org/maven2/org/typelevel/macro-compat_2.12/1.1.1/macro-compat_2.12-1.1.1.pom
2025.06.15 11:57:35 INFO  BSP server: Downloaded https://repo1.maven.org/maven2/org/jctools/jctools-core/2.1.2/jctools-core-2.1.2.pom
2025.06.15 11:57:35 INFO  BSP server: Downloading https://repo1.maven.org/maven2/org/scala-sbt/zinc-classfile_2.12/1.9.5/zinc-classfile_2.12-1.9.5.pom
2025.06.15 11:57:35 INFO  BSP server: Downloaded https://repo1.maven.org/maven2/org/scala-lang/scala-compiler/2.12.18/scala-compiler-2.12.18.pom
2025.06.15 11:57:35 INFO  BSP server: Downloading https://repo1.maven.org/maven2/org/scala-sbt/util-logging_2.12/1.9.1/util-logging_2.12-1.9.1.pom
2025.06.15 11:57:35 INFO  BSP server: Downloaded https://repo1.maven.org/maven2/org/scala-sbt/util-position_2.12/1.9.1/util-position_2.12-1.9.1.pom
2025.06.15 11:57:35 INFO  BSP server: Downloading https://repo1.maven.org/maven2/org/typelevel/cats-effect_2.12/2.1.3/cats-effect_2.12-2.1.3.pom
2025.06.15 11:57:35 INFO  BSP server: Downloaded https://repo1.maven.org/maven2/org/scala-sbt/util-cache_2.12/1.9.1/util-cache_2.12-1.9.1.pom
2025.06.15 11:57:35 INFO  BSP server: Downloading https://repo1.maven.org/maven2/org/scala-sbt/zinc-persist_2.12/1.9.5/zinc-persist_2.12-1.9.5.pom
2025.06.15 11:57:35 INFO  BSP server: Downloaded https://repo1.maven.org/maven2/org/typelevel/macro-compat_2.12/1.1.1/macro-compat_2.12-1.1.1.pom
2025.06.15 11:57:35 INFO  BSP server: Downloading https://repo1.maven.org/maven2/io/monix/implicitbox_2.12/0.2.0/implicitbox_2.12-0.2.0.pom
2025.06.15 11:57:35 INFO  BSP server: Downloaded https://repo1.maven.org/maven2/io/zipkin/zipkin2/zipkin/2.23.2/zipkin-2.23.2.pom
2025.06.15 11:57:35 INFO  BSP server: Downloading https://repo1.maven.org/maven2/me/vican/jorge/jsonrpc4s_2.12/0.1.0/jsonrpc4s_2.12-0.1.0.pom
2025.06.15 11:57:35 INFO  BSP server: Downloaded https://repo1.maven.org/maven2/org/scala-sbt/zinc-classfile_2.12/1.9.5/zinc-classfile_2.12-1.9.5.pom
2025.06.15 11:57:35 INFO  BSP server: Downloading https://repo1.maven.org/maven2/org/scala-sbt/zinc-compile-core_2.12/1.9.5/zinc-compile-core_2.12-1.9.5.pom
2025.06.15 11:57:35 INFO  BSP server: Downloaded https://repo1.maven.org/maven2/org/scala-sbt/util-logging_2.12/1.9.1/util-logging_2.12-1.9.1.pom
2025.06.15 11:57:35 INFO  BSP server: Downloaded https://repo1.maven.org/maven2/org/typelevel/cats-effect_2.12/2.1.3/cats-effect_2.12-2.1.3.pom
2025.06.15 11:57:35 INFO  BSP server: Downloading https://repo1.maven.org/maven2/org/scala-lang/modules/scala-xml_2.12/2.1.0/scala-xml_2.12-2.1.0.pom
2025.06.15 11:57:35 INFO  BSP server: Downloaded https://repo1.maven.org/maven2/io/monix/implicitbox_2.12/0.2.0/implicitbox_2.12-0.2.0.pom
2025.06.15 11:57:35 INFO  BSP server: Downloading https://repo1.maven.org/maven2/com/jcraft/jsch/0.1.54/jsch-0.1.54.pom
2025.06.15 11:57:35 INFO  BSP server: Downloaded https://repo1.maven.org/maven2/org/scala-sbt/zinc-persist_2.12/1.9.5/zinc-persist_2.12-1.9.5.pom
2025.06.15 11:57:35 INFO  BSP server: Downloading https://repo1.maven.org/maven2/org/apache/logging/log4j/log4j-api/2.21.1/log4j-api-2.21.1.pom
2025.06.15 11:57:35 INFO  BSP server: Downloaded https://repo1.maven.org/maven2/me/vican/jorge/jsonrpc4s_2.12/0.1.0/jsonrpc4s_2.12-0.1.0.pom
2025.06.15 11:57:35 INFO  BSP server: Downloaded https://repo1.maven.org/maven2/org/scala-sbt/zinc-compile-core_2.12/1.9.5/zinc-compile-core_2.12-1.9.5.pom
2025.06.15 11:57:35 INFO  BSP server: Downloaded https://repo1.maven.org/maven2/org/scala-lang/modules/scala-xml_2.12/2.1.0/scala-xml_2.12-2.1.0.pom
2025.06.15 11:57:35 INFO  BSP server: Downloaded https://repo1.maven.org/maven2/com/jcraft/jsch/0.1.54/jsch-0.1.54.pom
2025.06.15 11:57:35 INFO  BSP server: Downloaded https://repo1.maven.org/maven2/org/apache/logging/log4j/log4j-api/2.21.1/log4j-api-2.21.1.pom
2025.06.15 11:57:35 INFO  BSP server: Downloading https://repo1.maven.org/maven2/org/sonatype/oss/oss-parent/6/oss-parent-6.pom
2025.06.15 11:57:35 INFO  BSP server: Downloading https://repo1.maven.org/maven2/org/slf4j/slf4j-parent/2.0.6/slf4j-parent-2.0.6.pom
2025.06.15 11:57:35 INFO  BSP server: Downloading https://repo1.maven.org/maven2/io/zipkin/zipkin-parent/2.23.2/zipkin-parent-2.23.2.pom
2025.06.15 11:57:35 INFO  BSP server: Downloaded https://repo1.maven.org/maven2/org/sonatype/oss/oss-parent/6/oss-parent-6.pom
2025.06.15 11:57:35 INFO  BSP server: Downloaded https://repo1.maven.org/maven2/org/slf4j/slf4j-parent/2.0.6/slf4j-parent-2.0.6.pom
2025.06.15 11:57:35 INFO  BSP server: Downloaded https://repo1.maven.org/maven2/io/zipkin/zipkin-parent/2.23.2/zipkin-parent-2.23.2.pom
2025.06.15 11:57:35 INFO  BSP server: Downloading https://repo1.maven.org/maven2/org/scala-sbt/collections_2.12/1.9.1/collections_2.12-1.9.1.pom
2025.06.15 11:57:35 INFO  BSP server: Downloading https://repo1.maven.org/maven2/org/scala-sbt/util-relation_2.12/1.9.4/util-relation_2.12-1.9.4.pom
2025.06.15 11:57:35 INFO  BSP server: Downloading https://repo1.maven.org/maven2/org/scala-sbt/sbinary_2.12/0.5.1/sbinary_2.12-0.5.1.pom
2025.06.15 11:57:35 INFO  BSP server: Downloading https://repo1.maven.org/maven2/com/eed3si9n/sjson-new-scalajson_2.12/0.9.1/sjson-new-scalajson_2.12-0.9.1.pom
2025.06.15 11:57:35 INFO  BSP server: Downloading https://repo1.maven.org/maven2/org/scala-sbt/compiler-interface/1.9.5/compiler-interface-1.9.5.pom
2025.06.15 11:57:35 INFO  BSP server: Downloading https://repo1.maven.org/maven2/org/scala-sbt/util-logging_2.12/1.9.4/util-logging_2.12-1.9.4.pom
2025.06.15 11:57:36 INFO  BSP server: Downloaded https://repo1.maven.org/maven2/org/scala-sbt/util-relation_2.12/1.9.4/util-relation_2.12-1.9.4.pom
2025.06.15 11:57:36 INFO  BSP server: Downloading https://repo1.maven.org/maven2/com/eed3si9n/shaded-apache-httpasyncclient/0.7.0/shaded-apache-httpasyncclient-0.7.0.pom
2025.06.15 11:57:36 INFO  BSP server: Downloaded https://repo1.maven.org/maven2/org/scala-sbt/collections_2.12/1.9.1/collections_2.12-1.9.1.pom
2025.06.15 11:57:36 INFO  BSP server: Downloading https://repo1.maven.org/maven2/org/scala-sbt/zinc-classpath_2.12/1.9.5/zinc-classpath_2.12-1.9.5.pom
2025.06.15 11:57:36 INFO  BSP server: Downloaded https://repo1.maven.org/maven2/org/scala-sbt/sbinary_2.12/0.5.1/sbinary_2.12-0.5.1.pom
2025.06.15 11:57:36 INFO  BSP server: Downloading https://repo1.maven.org/maven2/org/scala-sbt/util-control_2.12/1.9.4/util-control_2.12-1.9.4.pom
2025.06.15 11:57:36 INFO  BSP server: Downloaded https://repo1.maven.org/maven2/com/eed3si9n/sjson-new-scalajson_2.12/0.9.1/sjson-new-scalajson_2.12-0.9.1.pom
2025.06.15 11:57:36 INFO  BSP server: Downloading https://repo1.maven.org/maven2/org/scala-sbt/launcher-interface/1.4.2/launcher-interface-1.4.2.pom
2025.06.15 11:57:36 INFO  BSP server: Downloaded https://repo1.maven.org/maven2/org/scala-sbt/compiler-interface/1.9.5/compiler-interface-1.9.5.pom
2025.06.15 11:57:36 INFO  BSP server: Downloading https://repo1.maven.org/maven2/org/scala-lang/modules/scala-parser-combinators_2.12/1.1.2/scala-parser-combinators_2.12-1.1.2.pom
2025.06.15 11:57:36 INFO  BSP server: Downloaded https://repo1.maven.org/maven2/com/eed3si9n/shaded-apache-httpasyncclient/0.7.0/shaded-apache-httpasyncclient-0.7.0.pom
2025.06.15 11:57:36 INFO  BSP server: Downloading https://repo1.maven.org/maven2/net/java/dev/jna/jna/5.13.0/jna-5.13.0.pom
2025.06.15 11:57:36 INFO  BSP server: Downloaded https://repo1.maven.org/maven2/org/scala-sbt/zinc-classpath_2.12/1.9.5/zinc-classpath_2.12-1.9.5.pom
2025.06.15 11:57:36 INFO  BSP server: Downloading https://repo1.maven.org/maven2/com/eed3si9n/sjson-new-murmurhash_2.12/0.9.1/sjson-new-murmurhash_2.12-0.9.1.pom
2025.06.15 11:57:36 INFO  BSP server: Downloaded https://repo1.maven.org/maven2/org/scala-sbt/util-control_2.12/1.9.4/util-control_2.12-1.9.4.pom
2025.06.15 11:57:36 INFO  BSP server: Downloading https://repo1.maven.org/maven2/net/java/dev/jna/jna-platform/5.13.0/jna-platform-5.13.0.pom
2025.06.15 11:57:36 INFO  BSP server: Downloaded https://repo1.maven.org/maven2/org/scala-lang/modules/scala-parser-combinators_2.12/1.1.2/scala-parser-combinators_2.12-1.1.2.pom
2025.06.15 11:57:36 INFO  BSP server: Downloading https://repo1.maven.org/maven2/com/lmax/disruptor/3.4.2/disruptor-3.4.2.pom
2025.06.15 11:57:36 INFO  BSP server: Downloaded https://repo1.maven.org/maven2/org/scala-sbt/launcher-interface/1.4.2/launcher-interface-1.4.2.pom
2025.06.15 11:57:36 INFO  BSP server: Downloading https://repo1.maven.org/maven2/com/swoval/file-tree-views/2.1.10/file-tree-views-2.1.10.pom
2025.06.15 11:57:36 INFO  BSP server: Downloaded https://repo1.maven.org/maven2/org/scala-sbt/util-logging_2.12/1.9.4/util-logging_2.12-1.9.4.pom
2025.06.15 11:57:36 INFO  BSP server: Downloading https://repo1.maven.org/maven2/org/scala-sbt/zinc-persist-core-assembly/1.9.5/zinc-persist-core-assembly-1.9.5.pom
2025.06.15 11:57:36 INFO  BSP server: Downloaded https://repo1.maven.org/maven2/net/java/dev/jna/jna/5.13.0/jna-5.13.0.pom
2025.06.15 11:57:36 INFO  BSP server: Downloading https://repo1.maven.org/maven2/org/scala-sbt/core-macros_2.12/1.9.1/core-macros_2.12-1.9.1.pom
2025.06.15 11:57:36 INFO  BSP server: Downloaded https://repo1.maven.org/maven2/com/eed3si9n/sjson-new-murmurhash_2.12/0.9.1/sjson-new-murmurhash_2.12-0.9.1.pom
2025.06.15 11:57:36 INFO  BSP server: Downloading https://repo1.maven.org/maven2/com/eed3si9n/gigahorse-core_2.12/0.7.0/gigahorse-core_2.12-0.7.0.pom
2025.06.15 11:57:36 INFO  BSP server: Downloaded https://repo1.maven.org/maven2/net/java/dev/jna/jna-platform/5.13.0/jna-platform-5.13.0.pom
2025.06.15 11:57:36 INFO  BSP server: Downloading https://repo1.maven.org/maven2/net/openhft/zero-allocation-hashing/0.10.1/zero-allocation-hashing-0.10.1.pom
2025.06.15 11:57:36 INFO  BSP server: Downloaded https://repo1.maven.org/maven2/com/lmax/disruptor/3.4.2/disruptor-3.4.2.pom
2025.06.15 11:57:36 INFO  BSP server: Downloading https://repo1.maven.org/maven2/org/typelevel/cats-core_2.12/2.1.1/cats-core_2.12-2.1.1.pom
2025.06.15 11:57:36 INFO  BSP server: Downloaded https://repo1.maven.org/maven2/com/swoval/file-tree-views/2.1.10/file-tree-views-2.1.10.pom
2025.06.15 11:57:36 INFO  BSP server: Downloading https://repo1.maven.org/maven2/org/scala-lang/modules/scala-xml_2.12/2.2.0/scala-xml_2.12-2.2.0.pom
2025.06.15 11:57:36 INFO  BSP server: Downloaded https://repo1.maven.org/maven2/org/scala-sbt/zinc-persist-core-assembly/1.9.5/zinc-persist-core-assembly-1.9.5.pom
2025.06.15 11:57:36 INFO  BSP server: Downloading https://repo1.maven.org/maven2/org/jline/jline-terminal-jansi/3.19.0/jline-terminal-jansi-3.19.0.pom
2025.06.15 11:57:36 INFO  BSP server: Downloaded https://repo1.maven.org/maven2/org/scala-sbt/core-macros_2.12/1.9.1/core-macros_2.12-1.9.1.pom
2025.06.15 11:57:36 INFO  BSP server: Downloaded https://repo1.maven.org/maven2/com/eed3si9n/gigahorse-core_2.12/0.7.0/gigahorse-core_2.12-0.7.0.pom
2025.06.15 11:57:36 INFO  BSP server: Downloading https://repo1.maven.org/maven2/org/scala-sbt/zinc-apiinfo_2.12/1.9.5/zinc-apiinfo_2.12-1.9.5.pom
2025.06.15 11:57:36 INFO  BSP server: Downloaded https://repo1.maven.org/maven2/net/openhft/zero-allocation-hashing/0.10.1/zero-allocation-hashing-0.10.1.pom
2025.06.15 11:57:36 INFO  BSP server: Downloading https://repo1.maven.org/maven2/com/outr/scribe_2.12/3.5.5/scribe_2.12-3.5.5.pom
2025.06.15 11:57:36 INFO  BSP server: Downloading https://repo1.maven.org/maven2/org/scala-sbt/util-interface/1.9.1/util-interface-1.9.1.pom
2025.06.15 11:57:36 INFO  BSP server: Downloaded https://repo1.maven.org/maven2/org/typelevel/cats-core_2.12/2.1.1/cats-core_2.12-2.1.1.pom
2025.06.15 11:57:36 INFO  BSP server: Downloading https://repo1.maven.org/maven2/org/scala-sbt/jline/jline/2.14.7-sbt-a1b0ffbb8f64bb820f4f84a0c07a0c0964507493/jline-2.14.7-sbt-a1b0ffbb8f64bb820f4f84a0c07a0c0964507493.pom
2025.06.15 11:57:36 INFO  BSP server: Downloaded https://repo1.maven.org/maven2/org/scala-lang/modules/scala-xml_2.12/2.2.0/scala-xml_2.12-2.2.0.pom
2025.06.15 11:57:36 INFO  BSP server: Downloaded https://repo1.maven.org/maven2/org/jline/jline-terminal-jansi/3.19.0/jline-terminal-jansi-3.19.0.pom
2025.06.15 11:57:36 INFO  BSP server: Downloaded https://repo1.maven.org/maven2/org/scala-sbt/zinc-apiinfo_2.12/1.9.5/zinc-apiinfo_2.12-1.9.5.pom
2025.06.15 11:57:36 INFO  BSP server: Downloaded https://repo1.maven.org/maven2/com/outr/scribe_2.12/3.5.5/scribe_2.12-3.5.5.pom
2025.06.15 11:57:36 INFO  BSP server: Downloaded https://repo1.maven.org/maven2/org/scala-sbt/util-interface/1.9.1/util-interface-1.9.1.pom
2025.06.15 11:57:36 INFO  BSP server: Downloaded https://repo1.maven.org/maven2/org/scala-sbt/jline/jline/2.14.7-sbt-a1b0ffbb8f64bb820f4f84a0c07a0c0964507493/jline-2.14.7-sbt-a1b0ffbb8f64bb820f4f84a0c07a0c0964507493.pom
2025.06.15 11:57:36 INFO  BSP server: Downloading https://repo1.maven.org/maven2/net/openhft/root-parent-pom/1.1.13/root-parent-pom-1.1.13.pom
2025.06.15 11:57:36 INFO  BSP server: Downloaded https://repo1.maven.org/maven2/net/openhft/root-parent-pom/1.1.13/root-parent-pom-1.1.13.pom
2025.06.15 11:57:36 INFO  BSP server: Downloading https://repo1.maven.org/maven2/com/eed3si9n/sjson-new-core_2.12/0.9.1/sjson-new-core_2.12-0.9.1.pom
2025.06.15 11:57:36 INFO  BSP server: Downloading https://repo1.maven.org/maven2/org/typelevel/cats-macros_2.12/2.1.1/cats-macros_2.12-2.1.1.pom
2025.06.15 11:57:36 INFO  BSP server: Downloading https://repo1.maven.org/maven2/org/scala-sbt/compiler-bridge_2.12/1.9.5/compiler-bridge_2.12-1.9.5.pom
2025.06.15 11:57:36 INFO  BSP server: Downloading https://repo1.maven.org/maven2/org/scala-sbt/util-interface/1.9.4/util-interface-1.9.4.pom
2025.06.15 11:57:36 INFO  BSP server: Downloading https://repo1.maven.org/maven2/com/outr/perfolation_2.12/1.2.8/perfolation_2.12-1.2.8.pom
2025.06.15 11:57:36 INFO  BSP server: Downloading https://repo1.maven.org/maven2/org/typelevel/cats-kernel_2.12/2.1.1/cats-kernel_2.12-2.1.1.pom
2025.06.15 11:57:37 INFO  BSP server: Downloaded https://repo1.maven.org/maven2/com/eed3si9n/sjson-new-core_2.12/0.9.1/sjson-new-core_2.12-0.9.1.pom
2025.06.15 11:57:37 INFO  BSP server: Downloading https://repo1.maven.org/maven2/org/scala-sbt/collections_2.12/1.9.4/collections_2.12-1.9.4.pom
2025.06.15 11:57:37 INFO  BSP server: Downloaded https://repo1.maven.org/maven2/org/scala-sbt/util-interface/1.9.4/util-interface-1.9.4.pom
2025.06.15 11:57:37 INFO  BSP server: Downloading https://repo1.maven.org/maven2/com/eed3si9n/shaded-jawn-parser_2.12/0.9.1/shaded-jawn-parser_2.12-0.9.1.pom
2025.06.15 11:57:37 INFO  BSP server: Downloaded https://repo1.maven.org/maven2/org/typelevel/cats-macros_2.12/2.1.1/cats-macros_2.12-2.1.1.pom
2025.06.15 11:57:37 INFO  BSP server: Downloading https://repo1.maven.org/maven2/org/fusesource/jansi/jansi/2.1.0/jansi-2.1.0.pom
2025.06.15 11:57:37 INFO  BSP server: Downloaded https://repo1.maven.org/maven2/org/scala-sbt/compiler-bridge_2.12/1.9.5/compiler-bridge_2.12-1.9.5.pom
2025.06.15 11:57:37 INFO  BSP server: Downloading https://repo1.maven.org/maven2/com/outr/moduload_2.12/1.1.5/moduload_2.12-1.1.5.pom
2025.06.15 11:57:37 INFO  BSP server: Downloaded https://repo1.maven.org/maven2/com/outr/perfolation_2.12/1.2.8/perfolation_2.12-1.2.8.pom
2025.06.15 11:57:37 INFO  BSP server: Downloading https://repo1.maven.org/maven2/com/typesafe/ssl-config-core_2.12/0.6.1/ssl-config-core_2.12-0.6.1.pom
2025.06.15 11:57:37 INFO  BSP server: Downloaded https://repo1.maven.org/maven2/org/scala-sbt/collections_2.12/1.9.4/collections_2.12-1.9.4.pom
2025.06.15 11:57:37 INFO  BSP server: Downloading https://repo1.maven.org/maven2/com/eed3si9n/shaded-scalajson_2.12/1.0.0-M4/shaded-scalajson_2.12-1.0.0-M4.pom
2025.06.15 11:57:37 INFO  BSP server: Downloaded https://repo1.maven.org/maven2/com/eed3si9n/shaded-jawn-parser_2.12/0.9.1/shaded-jawn-parser_2.12-0.9.1.pom
2025.06.15 11:57:37 INFO  BSP server: Downloaded https://repo1.maven.org/maven2/org/fusesource/jansi/jansi/2.1.0/jansi-2.1.0.pom
2025.06.15 11:57:37 INFO  BSP server: Downloading https://repo1.maven.org/maven2/org/scala-sbt/core-macros_2.12/1.9.4/core-macros_2.12-1.9.4.pom
2025.06.15 11:57:37 INFO  BSP server: Downloaded https://repo1.maven.org/maven2/com/outr/moduload_2.12/1.1.5/moduload_2.12-1.1.5.pom
2025.06.15 11:57:37 INFO  BSP server: Downloaded https://repo1.maven.org/maven2/com/typesafe/ssl-config-core_2.12/0.6.1/ssl-config-core_2.12-0.6.1.pom
2025.06.15 11:57:37 INFO  BSP server: Downloaded https://repo1.maven.org/maven2/org/typelevel/cats-kernel_2.12/2.1.1/cats-kernel_2.12-2.1.1.pom
2025.06.15 11:57:37 INFO  BSP server: Downloaded https://repo1.maven.org/maven2/com/eed3si9n/shaded-scalajson_2.12/1.0.0-M4/shaded-scalajson_2.12-1.0.0-M4.pom
2025.06.15 11:57:37 INFO  BSP server: Downloaded https://repo1.maven.org/maven2/org/scala-sbt/core-macros_2.12/1.9.4/core-macros_2.12-1.9.4.pom
2025.06.15 11:57:37 INFO  BSP server: Downloading https://repo1.maven.org/maven2/org/scala-sbt/util-position_2.12/1.9.4/util-position_2.12-1.9.4.pom
2025.06.15 11:57:37 INFO  BSP server: Downloaded https://repo1.maven.org/maven2/org/scala-sbt/util-position_2.12/1.9.4/util-position_2.12-1.9.4.pom
2025.06.15 11:57:37 INFO  BSP server: Downloading https://repo1.maven.org/maven2/org/scala-sbt/core-macros_2.12/1.9.4/core-macros_2.12-1.9.4.jar
2025.06.15 11:57:37 INFO  BSP server: Downloading https://repo1.maven.org/maven2/org/typelevel/cats-macros_2.12/2.1.1/cats-macros_2.12-2.1.1.jar
2025.06.15 11:57:37 INFO  BSP server: Downloading https://repo1.maven.org/maven2/org/scala-sbt/test-agent/1.9.7/test-agent-1.9.7.jar
2025.06.15 11:57:37 INFO  BSP server: Downloading https://repo1.maven.org/maven2/com/swoval/file-tree-views/2.1.10/file-tree-views-2.1.10.jar
2025.06.15 11:57:37 INFO  BSP server: Downloading https://repo1.maven.org/maven2/io/github/alexarchambault/bleep/bloop-backend_2.12/1.5.11-sc-3/bloop-backend_2.12-1.5.11-sc-3.jar
2025.06.15 11:57:37 INFO  BSP server: Downloading https://repo1.maven.org/maven2/org/scala-sbt/zinc-classfile_2.12/1.9.5/zinc-classfile_2.12-1.9.5.jar
2025.06.15 11:57:37 INFO  BSP server: Downloaded https://repo1.maven.org/maven2/org/typelevel/cats-macros_2.12/2.1.1/cats-macros_2.12-2.1.1.jar
2025.06.15 11:57:37 INFO  BSP server: Downloading https://repo1.maven.org/maven2/com/github/plokhotnyuk/jsoniter-scala/jsoniter-scala-core_2.12/2.13.3.2/jsoniter-scala-core_2.12-2.13.3.2.jar
2025.06.15 11:57:37 INFO  BSP server: Downloaded https://repo1.maven.org/maven2/org/scala-sbt/test-agent/1.9.7/test-agent-1.9.7.jar
2025.06.15 11:57:37 INFO  BSP server: Downloading https://repo1.maven.org/maven2/ch/epfl/scala/com-microsoft-java-debug-core/0.34.0+20/com-microsoft-java-debug-core-0.34.0+20.jar
2025.06.15 11:57:37 INFO  BSP server: Downloaded https://repo1.maven.org/maven2/org/scala-sbt/core-macros_2.12/1.9.4/core-macros_2.12-1.9.4.jar
2025.06.15 11:57:37 INFO  BSP server: Downloading https://repo1.maven.org/maven2/org/scala-sbt/util-control_2.12/1.9.4/util-control_2.12-1.9.4.jar
2025.06.15 11:57:39 INFO  BSP server: Downloaded https://repo1.maven.org/maven2/org/scala-sbt/util-control_2.12/1.9.4/util-control_2.12-1.9.4.jar
2025.06.15 11:57:39 INFO  BSP server: Downloading https://repo1.maven.org/maven2/org/scala-sbt/util-cache_2.12/1.9.1/util-cache_2.12-1.9.1.jar
2025.06.15 11:57:39 INFO  BSP server: Downloaded https://repo1.maven.org/maven2/org/scala-sbt/zinc-classfile_2.12/1.9.5/zinc-classfile_2.12-1.9.5.jar
2025.06.15 11:57:39 INFO  BSP server: Downloading https://repo1.maven.org/maven2/com/outr/scribe_2.12/3.5.5/scribe_2.12-3.5.5.jar
2025.06.15 11:57:39 INFO  BSP server: Downloaded https://repo1.maven.org/maven2/com/swoval/file-tree-views/2.1.10/file-tree-views-2.1.10.jar
2025.06.15 11:57:39 INFO  BSP server: Downloading https://repo1.maven.org/maven2/org/scala-sbt/util-interface/1.9.4/util-interface-1.9.4.jar
2025.06.15 11:57:39 INFO  BSP server: Downloaded https://repo1.maven.org/maven2/com/github/plokhotnyuk/jsoniter-scala/jsoniter-scala-core_2.12/2.13.3.2/jsoniter-scala-core_2.12-2.13.3.2.jar
2025.06.15 11:57:39 INFO  BSP server: Downloading https://repo1.maven.org/maven2/org/ow2/asm/asm-tree/9.6/asm-tree-9.6.jar
2025.06.15 11:57:39 INFO  BSP server: Downloaded https://repo1.maven.org/maven2/org/scala-sbt/util-interface/1.9.4/util-interface-1.9.4.jar
2025.06.15 11:57:39 INFO  BSP server: Downloading https://repo1.maven.org/maven2/io/zipkin/zipkin2/zipkin/2.23.2/zipkin-2.23.2.jar
2025.06.15 11:57:39 INFO  BSP server: Downloaded https://repo1.maven.org/maven2/io/github/alexarchambault/bleep/bloop-backend_2.12/1.5.11-sc-3/bloop-backend_2.12-1.5.11-sc-3.jar
2025.06.15 11:57:39 INFO  BSP server: Downloading https://repo1.maven.org/maven2/ch/epfl/scala/bloop-config_2.12/1.5.5/bloop-config_2.12-1.5.5.jar
2025.06.15 11:57:39 INFO  BSP server: Downloaded https://repo1.maven.org/maven2/org/ow2/asm/asm-tree/9.6/asm-tree-9.6.jar
2025.06.15 11:57:39 INFO  BSP server: Downloading https://repo1.maven.org/maven2/io/monix/monix-tail_2.12/3.2.0/monix-tail_2.12-3.2.0.jar
2025.06.15 11:57:39 INFO  BSP server: Downloaded https://repo1.maven.org/maven2/ch/epfl/scala/com-microsoft-java-debug-core/0.34.0+20/com-microsoft-java-debug-core-0.34.0+20.jar
2025.06.15 11:57:39 INFO  BSP server: Downloading https://repo1.maven.org/maven2/org/scala-sbt/launcher-interface/1.4.2/launcher-interface-1.4.2.jar
2025.06.15 11:57:39 INFO  BSP server: Downloaded https://repo1.maven.org/maven2/io/zipkin/zipkin2/zipkin/2.23.2/zipkin-2.23.2.jar
2025.06.15 11:57:39 INFO  BSP server: Downloading https://repo1.maven.org/maven2/org/scala-lang/scala-compiler/2.12.18/scala-compiler-2.12.18.jar
2025.06.15 11:57:39 INFO  BSP server: Downloaded https://repo1.maven.org/maven2/org/scala-sbt/util-cache_2.12/1.9.1/util-cache_2.12-1.9.1.jar
2025.06.15 11:57:39 INFO  BSP server: Downloading https://repo1.maven.org/maven2/com/lihaoyi/fansi_2.12/0.4.0/fansi_2.12-0.4.0.jar
2025.06.15 11:57:39 INFO  BSP server: Downloaded https://repo1.maven.org/maven2/org/scala-sbt/launcher-interface/1.4.2/launcher-interface-1.4.2.jar
2025.06.15 11:57:39 INFO  BSP server: Downloading https://repo1.maven.org/maven2/com/lihaoyi/pprint_2.12/0.8.1/pprint_2.12-0.8.1.jar
2025.06.15 11:57:40 INFO  BSP server: Downloaded https://repo1.maven.org/maven2/com/lihaoyi/fansi_2.12/0.4.0/fansi_2.12-0.4.0.jar
2025.06.15 11:57:40 INFO  BSP server: Downloading https://repo1.maven.org/maven2/org/scala-sbt/librarymanagement-core_2.12/1.9.3/librarymanagement-core_2.12-1.9.3.jar
2025.06.15 11:57:40 INFO  BSP server: Downloaded https://repo1.maven.org/maven2/ch/epfl/scala/bloop-config_2.12/1.5.5/bloop-config_2.12-1.5.5.jar
2025.06.15 11:57:40 INFO  BSP server: Downloading https://repo1.maven.org/maven2/org/scala-lang/modules/scala-parser-combinators_2.12/1.1.2/scala-parser-combinators_2.12-1.1.2.jar
2025.06.15 11:57:40 INFO  BSP server: Downloaded https://repo1.maven.org/maven2/org/scala-lang/modules/scala-parser-combinators_2.12/1.1.2/scala-parser-combinators_2.12-1.1.2.jar
2025.06.15 11:57:40 INFO  BSP server: Downloading https://repo1.maven.org/maven2/io/github/alexarchambault/bleep/bloop-frontend_2.12/1.5.11-sc-3/bloop-frontend_2.12-1.5.11-sc-3.jar
2025.06.15 11:57:40 INFO  BSP server: Downloaded https://repo1.maven.org/maven2/com/lihaoyi/pprint_2.12/0.8.1/pprint_2.12-0.8.1.jar
2025.06.15 11:57:40 INFO  BSP server: Downloading https://repo1.maven.org/maven2/io/monix/monix-reactive_2.12/3.2.0/monix-reactive_2.12-3.2.0.jar
2025.06.15 11:57:42 INFO  BSP server: Downloaded https://repo1.maven.org/maven2/com/outr/scribe_2.12/3.5.5/scribe_2.12-3.5.5.jar
2025.06.15 11:57:42 INFO  BSP server: Downloading https://repo1.maven.org/maven2/org/scala-sbt/compiler-bridge_2.12/1.9.5/compiler-bridge_2.12-1.9.5.jar
2025.06.15 11:57:42 INFO  BSP server: Downloaded https://repo1.maven.org/maven2/io/monix/monix-tail_2.12/3.2.0/monix-tail_2.12-3.2.0.jar
2025.06.15 11:57:42 INFO  BSP server: Downloading https://repo1.maven.org/maven2/commons-io/commons-io/2.13.0/commons-io-2.13.0.jar
2025.06.15 11:57:44 INFO  BSP server: Downloaded https://repo1.maven.org/maven2/commons-io/commons-io/2.13.0/commons-io-2.13.0.jar
2025.06.15 11:57:44 INFO  BSP server: Downloading https://repo1.maven.org/maven2/net/jpountz/lz4/lz4/1.3.0/lz4-1.3.0.jar
2025.06.15 11:57:44 INFO  BSP server: Downloaded https://repo1.maven.org/maven2/io/github/alexarchambault/bleep/bloop-frontend_2.12/1.5.11-sc-3/bloop-frontend_2.12-1.5.11-sc-3.jar
2025.06.15 11:57:44 INFO  BSP server: Downloading https://repo1.maven.org/maven2/org/scala-sbt/compiler-interface/1.9.5/compiler-interface-1.9.5.jar
2025.06.15 11:57:44 INFO  BSP server: Downloaded https://repo1.maven.org/maven2/org/scala-sbt/compiler-bridge_2.12/1.9.5/compiler-bridge_2.12-1.9.5.jar
2025.06.15 11:57:44 INFO  BSP server: Downloading https://repo1.maven.org/maven2/com/eed3si9n/gigahorse-apache-http_2.12/0.7.0/gigahorse-apache-http_2.12-0.7.0.jar
2025.06.15 11:57:44 INFO  BSP server: Downloaded https://repo1.maven.org/maven2/org/scala-sbt/compiler-interface/1.9.5/compiler-interface-1.9.5.jar
2025.06.15 11:57:44 INFO  BSP server: Downloading https://repo1.maven.org/maven2/org/scala-sbt/util-position_2.12/1.9.4/util-position_2.12-1.9.4.jar
2025.06.15 11:57:44 INFO  BSP server: Downloaded https://repo1.maven.org/maven2/com/eed3si9n/gigahorse-apache-http_2.12/0.7.0/gigahorse-apache-http_2.12-0.7.0.jar
2025.06.15 11:57:44 INFO  BSP server: Downloading https://repo1.maven.org/maven2/com/github/alexarchambault/case-app-util_2.12/2.0.6/case-app-util_2.12-2.0.6.jar
2025.06.15 11:57:44 INFO  BSP server: Downloaded https://repo1.maven.org/maven2/org/scala-sbt/util-position_2.12/1.9.4/util-position_2.12-1.9.4.jar
2025.06.15 11:57:44 INFO  BSP server: Downloading https://repo1.maven.org/maven2/io/zipkin/reporter2/zipkin-sender-urlconnection/2.16.4/zipkin-sender-urlconnection-2.16.4.jar
2025.06.15 11:57:44 INFO  BSP server: Downloaded https://repo1.maven.org/maven2/io/zipkin/reporter2/zipkin-sender-urlconnection/2.16.4/zipkin-sender-urlconnection-2.16.4.jar
2025.06.15 11:57:44 INFO  BSP server: Downloading https://repo1.maven.org/maven2/net/java/dev/jna/jna-platform/5.13.0/jna-platform-5.13.0.jar
2025.06.15 11:57:44 INFO  BSP server: Downloaded https://repo1.maven.org/maven2/org/scala-sbt/librarymanagement-core_2.12/1.9.3/librarymanagement-core_2.12-1.9.3.jar
2025.06.15 11:57:44 INFO  BSP server: Downloading https://repo1.maven.org/maven2/com/eed3si9n/sjson-new-core_2.12/0.9.1/sjson-new-core_2.12-0.9.1.jar
2025.06.15 11:57:44 INFO  BSP server: Downloaded https://repo1.maven.org/maven2/net/jpountz/lz4/lz4/1.3.0/lz4-1.3.0.jar
2025.06.15 11:57:44 INFO  BSP server: Downloading https://repo1.maven.org/maven2/com/eed3si9n/sjson-new-scalajson_2.12/0.9.1/sjson-new-scalajson_2.12-0.9.1.jar
2025.06.15 11:57:45 INFO  BSP server: Downloaded https://repo1.maven.org/maven2/com/eed3si9n/sjson-new-scalajson_2.12/0.9.1/sjson-new-scalajson_2.12-0.9.1.jar
2025.06.15 11:57:45 INFO  BSP server: Downloading https://repo1.maven.org/maven2/com/github/alexarchambault/case-app_2.12/2.0.6/case-app_2.12-2.0.6.jar
2025.06.15 11:57:45 INFO  BSP server: Downloaded https://repo1.maven.org/maven2/com/github/alexarchambault/case-app-util_2.12/2.0.6/case-app-util_2.12-2.0.6.jar
2025.06.15 11:57:45 INFO  BSP server: Downloading https://repo1.maven.org/maven2/ch/epfl/scala/scala-debug-adapter_2.12/3.1.4/scala-debug-adapter_2.12-3.1.4.jar
2025.06.15 11:57:46 INFO  BSP server: Downloaded https://repo1.maven.org/maven2/com/eed3si9n/sjson-new-core_2.12/0.9.1/sjson-new-core_2.12-0.9.1.jar
2025.06.15 11:57:46 INFO  BSP server: Downloading https://repo1.maven.org/maven2/org/ow2/asm/asm-analysis/9.6/asm-analysis-9.6.jar
2025.06.15 11:57:46 INFO  BSP server: Downloaded https://repo1.maven.org/maven2/org/ow2/asm/asm-analysis/9.6/asm-analysis-9.6.jar
2025.06.15 11:57:46 INFO  BSP server: Downloading https://repo1.maven.org/maven2/com/github/alexarchambault/case-app-annotations_2.12/2.0.6/case-app-annotations_2.12-2.0.6.jar
2025.06.15 11:57:46 INFO  BSP server: Downloaded https://repo1.maven.org/maven2/com/github/alexarchambault/case-app-annotations_2.12/2.0.6/case-app-annotations_2.12-2.0.6.jar
2025.06.15 11:57:46 INFO  BSP server: Downloading https://repo1.maven.org/maven2/com/jcraft/jsch/0.1.54/jsch-0.1.54.jar
2025.06.15 11:57:47 INFO  BSP server: Downloaded https://repo1.maven.org/maven2/com/jcraft/jsch/0.1.54/jsch-0.1.54.jar
2025.06.15 11:57:47 INFO  BSP server: Downloading https://repo1.maven.org/maven2/org/scala-lang/scala-reflect/2.12.18/scala-reflect-2.12.18.jar
2025.06.15 11:57:47 INFO  BSP server: Downloaded https://repo1.maven.org/maven2/ch/epfl/scala/scala-debug-adapter_2.12/3.1.4/scala-debug-adapter_2.12-3.1.4.jar
2025.06.15 11:57:47 INFO  BSP server: Downloading https://repo1.maven.org/maven2/com/eed3si9n/shaded-apache-httpasyncclient/0.7.0/shaded-apache-httpasyncclient-0.7.0.jar
2025.06.15 11:57:47 INFO  BSP server: Downloaded https://repo1.maven.org/maven2/com/github/alexarchambault/case-app_2.12/2.0.6/case-app_2.12-2.0.6.jar
2025.06.15 11:57:47 INFO  BSP server: Downloading https://repo1.maven.org/maven2/org/scala-sbt/zinc-core_2.12/1.9.5/zinc-core_2.12-1.9.5.jar
2025.06.15 11:57:49 INFO  BSP server: Downloaded https://repo1.maven.org/maven2/io/monix/monix-reactive_2.12/3.2.0/monix-reactive_2.12-3.2.0.jar
2025.06.15 11:57:49 INFO  BSP server: Downloading https://repo1.maven.org/maven2/org/scala-sbt/zinc-persist-core-assembly/1.9.5/zinc-persist-core-assembly-1.9.5.jar
2025.06.15 11:57:51 INFO  BSP server: Downloaded https://repo1.maven.org/maven2/net/java/dev/jna/jna-platform/5.13.0/jna-platform-5.13.0.jar
2025.06.15 11:57:51 INFO  BSP server: Downloading https://repo1.maven.org/maven2/org/scalaz/scalaz-core_2.12/7.3.7/scalaz-core_2.12-7.3.7.jar
2025.06.15 11:57:51 INFO  BSP server: Downloaded https://repo1.maven.org/maven2/org/scala-sbt/zinc-core_2.12/1.9.5/zinc-core_2.12-1.9.5.jar
2025.06.15 11:57:51 INFO  BSP server: Downloading https://repo1.maven.org/maven2/ch/epfl/scala/directory-watcher/0.8.0+6-f651bd93/directory-watcher-0.8.0+6-f651bd93.jar
2025.06.15 11:57:51 INFO  BSP server: Downloaded https://repo1.maven.org/maven2/ch/epfl/scala/directory-watcher/0.8.0+6-f651bd93/directory-watcher-0.8.0+6-f651bd93.jar
2025.06.15 11:57:51 INFO  BSP server: Downloading https://repo1.maven.org/maven2/me/vican/jorge/jsonrpc4s_2.12/0.1.0/jsonrpc4s_2.12-0.1.0.jar
2025.06.15 11:57:52 INFO  BSP server: Downloaded https://repo1.maven.org/maven2/me/vican/jorge/jsonrpc4s_2.12/0.1.0/jsonrpc4s_2.12-0.1.0.jar
2025.06.15 11:57:52 INFO  BSP server: Downloading https://repo1.maven.org/maven2/org/slf4j/slf4j-api/2.0.6/slf4j-api-2.0.6.jar
2025.06.15 11:57:52 INFO  BSP server: Downloaded https://repo1.maven.org/maven2/org/slf4j/slf4j-api/2.0.6/slf4j-api-2.0.6.jar
2025.06.15 11:57:52 INFO  BSP server: Downloading https://repo1.maven.org/maven2/org/scala-sbt/io_2.12/1.9.1/io_2.12-1.9.1.jar
2025.06.15 11:57:54 INFO  BSP server: Downloaded https://repo1.maven.org/maven2/com/eed3si9n/shaded-apache-httpasyncclient/0.7.0/shaded-apache-httpasyncclient-0.7.0.jar
2025.06.15 11:57:54 INFO  BSP server: Downloading https://repo1.maven.org/maven2/org/ow2/asm/asm-util/9.6/asm-util-9.6.jar
2025.06.15 11:57:54 INFO  BSP server: Downloaded https://repo1.maven.org/maven2/org/ow2/asm/asm-util/9.6/asm-util-9.6.jar
2025.06.15 11:57:54 INFO  BSP server: Downloading https://repo1.maven.org/maven2/com/outr/moduload_2.12/1.1.5/moduload_2.12-1.1.5.jar
2025.06.15 11:57:54 INFO  BSP server: Downloaded https://repo1.maven.org/maven2/com/outr/moduload_2.12/1.1.5/moduload_2.12-1.1.5.jar
2025.06.15 11:57:54 INFO  BSP server: Downloading https://repo1.maven.org/maven2/io/monix/monix-catnap_2.12/3.2.0/monix-catnap_2.12-3.2.0.jar
2025.06.15 11:57:55 INFO  BSP server: Downloaded https://repo1.maven.org/maven2/io/monix/monix-catnap_2.12/3.2.0/monix-catnap_2.12-3.2.0.jar
2025.06.15 11:57:55 INFO  BSP server: Downloading https://repo1.maven.org/maven2/io/monix/monix_2.12/3.2.0/monix_2.12-3.2.0.jar
2025.06.15 11:57:55 INFO  BSP server: Downloaded https://repo1.maven.org/maven2/io/monix/monix_2.12/3.2.0/monix_2.12-3.2.0.jar
2025.06.15 11:57:55 INFO  BSP server: Downloading https://repo1.maven.org/maven2/org/scala-sbt/util-relation_2.12/1.9.4/util-relation_2.12-1.9.4.jar
2025.06.15 11:57:55 INFO  BSP server: Downloaded https://repo1.maven.org/maven2/org/scala-sbt/util-relation_2.12/1.9.4/util-relation_2.12-1.9.4.jar
2025.06.15 11:57:55 INFO  BSP server: Downloading https://repo1.maven.org/maven2/com/lihaoyi/sourcecode_2.12/0.3.1/sourcecode_2.12-0.3.1.jar
2025.06.15 11:57:55 INFO  BSP server: Downloaded https://repo1.maven.org/maven2/org/scala-sbt/io_2.12/1.9.1/io_2.12-1.9.1.jar
2025.06.15 11:57:55 INFO  BSP server: Downloading https://repo1.maven.org/maven2/org/typelevel/cats-effect_2.12/2.1.3/cats-effect_2.12-2.1.3.jar
2025.06.15 11:57:55 INFO  BSP server: Downloaded https://repo1.maven.org/maven2/com/lihaoyi/sourcecode_2.12/0.3.1/sourcecode_2.12-0.3.1.jar
2025.06.15 11:57:55 INFO  BSP server: Downloading https://repo1.maven.org/maven2/net/openhft/zero-allocation-hashing/0.10.1/zero-allocation-hashing-0.10.1.jar
2025.06.15 11:57:57 INFO  BSP server: Downloaded https://repo1.maven.org/maven2/net/openhft/zero-allocation-hashing/0.10.1/zero-allocation-hashing-0.10.1.jar
2025.06.15 11:57:57 INFO  BSP server: Downloading https://repo1.maven.org/maven2/org/scala-lang/scala-library/2.12.18/scala-library-2.12.18.jar
2025.06.15 11:57:58 INFO  no build target found for C:\Users\Luan Lima\Desktop\github\32_scala\scala\1_exemplo\HelloWorld.scala. Using presentation compiler with project's scala-library version: 3.3.6
2025.06.15 11:57:58 INFO  no build target found for C:\Users\Luan Lima\Desktop\github\32_scala\scala\1_exemplo\HelloWorld.scala. Using presentation compiler with project's scala-library version: 3.3.6
2025.06.15 11:57:59 INFO  BSP server: Downloaded https://repo1.maven.org/maven2/org/scala-lang/scala-reflect/2.12.18/scala-reflect-2.12.18.jar
2025.06.15 11:57:59 INFO  BSP server: Downloading https://repo1.maven.org/maven2/io/monix/monix-java_2.12/3.2.0/monix-java_2.12-3.2.0.jar
2025.06.15 11:57:59 INFO  BSP server: Downloaded https://repo1.maven.org/maven2/io/monix/monix-java_2.12/3.2.0/monix-java_2.12-3.2.0.jar
2025.06.15 11:57:59 INFO  BSP server: Downloading https://repo1.maven.org/maven2/ch/qos/logback/logback-core/1.4.6/logback-core-1.4.6.jar
2025.06.15 11:57:59 INFO  no build target found for C:\Users\Luan Lima\Desktop\github\32_scala\scala\1_exemplo\HelloWorld.scala. Using presentation compiler with project's scala-library version: 3.3.6
2025.06.15 11:57:59 INFO  no build target found for C:\Users\Luan Lima\Desktop\github\32_scala\scala\1_exemplo\HelloWorld.scala. Using presentation compiler with project's scala-library version: 3.3.6
2025.06.15 11:57:59 INFO  no build target found for C:\Users\Luan Lima\Desktop\github\32_scala\scala\1_exemplo\HelloWorld.scala. Using presentation compiler with project's scala-library version: 3.3.6
2025.06.15 11:58:01 INFO  BSP server: Downloaded https://repo1.maven.org/maven2/ch/qos/logback/logback-core/1.4.6/logback-core-1.4.6.jar
2025.06.15 11:58:01 INFO  BSP server: Downloading https://repo1.maven.org/maven2/org/scala-sbt/zinc_2.12/1.9.5/zinc_2.12-1.9.5.jar
2025.06.15 11:58:01 INFO  no build target found for C:\Users\Luan Lima\Desktop\github\32_scala\scala\1_exemplo\HelloWorld.scala. Using presentation compiler with project's scala-library version: 3.3.6
2025.06.15 11:58:01 INFO  no build target found for C:\Users\Luan Lima\Desktop\github\32_scala\scala\1_exemplo\HelloWorld.scala. Using presentation compiler with project's scala-library version: 3.3.6
2025.06.15 11:58:01 INFO  no build target found for C:\Users\Luan Lima\Desktop\github\32_scala\scala\1_exemplo\HelloWorld.scala. Using presentation compiler with project's scala-library version: 3.3.6
2025.06.15 11:58:01 INFO  BSP server: Downloaded https://repo1.maven.org/maven2/org/scala-sbt/zinc_2.12/1.9.5/zinc_2.12-1.9.5.jar
2025.06.15 11:58:01 INFO  BSP server: Downloading https://repo1.maven.org/maven2/io/zipkin/reporter2/zipkin-reporter-brave/2.16.3/zipkin-reporter-brave-2.16.3.jar
2025.06.15 11:58:01 INFO  BSP server: Downloaded https://repo1.maven.org/maven2/org/scala-sbt/zinc-persist-core-assembly/1.9.5/zinc-persist-core-assembly-1.9.5.jar
2025.06.15 11:58:01 INFO  BSP server: Downloading https://repo1.maven.org/maven2/org/jctools/jctools-core/2.1.2/jctools-core-2.1.2.jar
2025.06.15 11:58:01 INFO  no build target found for C:\Users\Luan Lima\Desktop\github\32_scala\scala\1_exemplo\HelloWorld.scala. Using presentation compiler with project's scala-library version: 3.3.6
2025.06.15 11:58:01 INFO  BSP server: Downloaded https://repo1.maven.org/maven2/io/zipkin/reporter2/zipkin-reporter-brave/2.16.3/zipkin-reporter-brave-2.16.3.jar
2025.06.15 11:58:01 INFO  BSP server: Downloading https://repo1.maven.org/maven2/ch/epfl/scala/bsp4s_2.12/2.1.0-M7/bsp4s_2.12-2.1.0-M7.jar
2025.06.15 11:58:01 INFO  BSP server: Downloaded https://repo1.maven.org/maven2/org/typelevel/cats-effect_2.12/2.1.3/cats-effect_2.12-2.1.3.jar
2025.06.15 11:58:01 INFO  BSP server: Downloading https://repo1.maven.org/maven2/net/java/dev/jna/jna/5.13.0/jna-5.13.0.jar
2025.06.15 11:58:01 INFO  no build target found for C:\Users\Luan Lima\Desktop\github\32_scala\scala\1_exemplo\HelloWorld.scala. Using presentation compiler with project's scala-library version: 3.3.6
2025.06.15 11:58:01 INFO  no build target found for C:\Users\Luan Lima\Desktop\github\32_scala\scala\1_exemplo\HelloWorld.scala. Using presentation compiler with project's scala-library version: 3.3.6
2025.06.15 11:58:02 INFO  no build target found for C:\Users\Luan Lima\Desktop\github\32_scala\scala\1_exemplo\HelloWorld.scala. Using presentation compiler with project's scala-library version: 3.3.6
2025.06.15 11:58:02 INFO  BSP server: Downloaded https://repo1.maven.org/maven2/org/jctools/jctools-core/2.1.2/jctools-core-2.1.2.jar
2025.06.15 11:58:02 INFO  BSP server: Downloading https://repo1.maven.org/maven2/io/monix/monix-eval_2.12/3.2.0/monix-eval_2.12-3.2.0.jar
2025.06.15 11:58:02 INFO  no build target found for C:\Users\Luan Lima\Desktop\github\32_scala\scala\1_exemplo\HelloWorld.scala. Using presentation compiler with project's scala-library version: 3.3.6
2025.06.15 11:58:02 INFO  no build target found for C:\Users\Luan Lima\Desktop\github\32_scala\scala\1_exemplo\HelloWorld.scala. Using presentation compiler with project's scala-library version: 3.3.6
2025.06.15 11:58:03 INFO  no build target found for C:\Users\Luan Lima\Desktop\github\32_scala\scala\1_exemplo\HelloWorld.scala. Using presentation compiler with project's scala-library version: 3.3.6
2025.06.15 11:58:03 INFO  no build target found for C:\Users\Luan Lima\Desktop\github\32_scala\scala\1_exemplo\HelloWorld.scala. Using presentation compiler with project's scala-library version: 3.3.6
2025.06.15 11:58:03 INFO  no build target found for C:\Users\Luan Lima\Desktop\github\32_scala\scala\1_exemplo\HelloWorld.scala. Using presentation compiler with project's scala-library version: 3.3.6
2025.06.15 11:58:03 INFO  BSP server: Downloaded https://repo1.maven.org/maven2/org/scala-lang/scala-compiler/2.12.18/scala-compiler-2.12.18.jar
2025.06.15 11:58:03 INFO  BSP server: Downloading https://repo1.maven.org/maven2/io/monix/monix-execution_2.12/3.2.0/monix-execution_2.12-3.2.0.jar
2025.06.15 11:58:03 INFO  no build target found for C:\Users\Luan Lima\Desktop\github\32_scala\scala\1_exemplo\HelloWorld.scala. Using presentation compiler with project's scala-library version: 3.3.6
2025.06.15 11:58:03 INFO  no build target found for C:\Users\Luan Lima\Desktop\github\32_scala\scala\1_exemplo\HelloWorld.scala. Using presentation compiler with project's scala-library version: 3.3.6
2025.06.15 11:58:03 INFO  no build target found for C:\Users\Luan Lima\Desktop\github\32_scala\scala\1_exemplo\HelloWorld.scala. Using presentation compiler with project's scala-library version: 3.3.6
2025.06.15 11:58:05 INFO  BSP server: Downloaded https://repo1.maven.org/maven2/ch/epfl/scala/bsp4s_2.12/2.1.0-M7/bsp4s_2.12-2.1.0-M7.jar
2025.06.15 11:58:05 INFO  BSP server: Downloading https://repo1.maven.org/maven2/org/apache/commons/commons-lang3/3.13.0/commons-lang3-3.13.0.jar
2025.06.15 11:58:05 INFO  no build target found for C:\Users\Luan Lima\Desktop\github\32_scala\scala\1_exemplo\HelloWorld.scala. Using presentation compiler with project's scala-library version: 3.3.6
2025.06.15 11:58:05 INFO  BSP server: Downloaded https://repo1.maven.org/maven2/io/monix/monix-eval_2.12/3.2.0/monix-eval_2.12-3.2.0.jar
2025.06.15 11:58:05 INFO  BSP server: Downloading https://repo1.maven.org/maven2/io/github/alexarchambault/bleep/nailgun-server/1.0.7/nailgun-server-1.0.7.jar
2025.06.15 11:58:05 INFO  no build target found for C:\Users\Luan Lima\Desktop\github\32_scala\scala\1_exemplo\HelloWorld.scala. Using presentation compiler with project's scala-library version: 3.3.6
2025.06.15 11:58:05 INFO  BSP server: Downloaded https://repo1.maven.org/maven2/io/github/alexarchambault/bleep/nailgun-server/1.0.7/nailgun-server-1.0.7.jar
2025.06.15 11:58:05 INFO  BSP server: Downloading https://repo1.maven.org/maven2/org/jline/jline-terminal-jansi/3.19.0/jline-terminal-jansi-3.19.0.jar
2025.06.15 11:58:05 INFO  BSP server: Downloaded https://repo1.maven.org/maven2/org/jline/jline-terminal-jansi/3.19.0/jline-terminal-jansi-3.19.0.jar
2025.06.15 11:58:05 INFO  BSP server: Downloading https://repo1.maven.org/maven2/io/get-coursier/interface/1.0.13/interface-1.0.13.jar
2025.06.15 11:58:05 INFO  BSP server: Downloaded https://repo1.maven.org/maven2/io/monix/monix-execution_2.12/3.2.0/monix-execution_2.12-3.2.0.jar
2025.06.15 11:58:05 INFO  BSP server: Downloading https://repo1.maven.org/maven2/org/fusesource/jansi/jansi/2.1.0/jansi-2.1.0.jar
2025.06.15 11:58:05 INFO  no build target found for C:\Users\Luan Lima\Desktop\github\32_scala\scala\1_exemplo\HelloWorld.scala. Using presentation compiler with project's scala-library version: 3.3.6
2025.06.15 11:58:05 INFO  no build target found for C:\Users\Luan Lima\Desktop\github\32_scala\scala\1_exemplo\HelloWorld.scala. Using presentation compiler with project's scala-library version: 3.3.6
2025.06.15 11:58:07 INFO  no build target found for C:\Users\Luan Lima\Desktop\github\32_scala\scala\1_exemplo\HelloWorld.scala. Using presentation compiler with project's scala-library version: 3.3.6
2025.06.15 11:58:07 INFO  BSP server: Downloaded https://repo1.maven.org/maven2/org/fusesource/jansi/jansi/2.1.0/jansi-2.1.0.jar
2025.06.15 11:58:07 INFO  BSP server: Downloading https://repo1.maven.org/maven2/io/zipkin/brave/brave/5.16.0/brave-5.16.0.jar
2025.06.15 11:58:07 INFO  no build target found for C:\Users\Luan Lima\Desktop\github\32_scala\scala\1_exemplo\HelloWorld.scala. Using presentation compiler with project's scala-library version: 3.3.6
2025.06.15 11:58:07 INFO  no build target found for C:\Users\Luan Lima\Desktop\github\32_scala\scala\1_exemplo\HelloWorld.scala. Using presentation compiler with project's scala-library version: 3.3.6
2025.06.15 11:58:07 INFO  no build target found for C:\Users\Luan Lima\Desktop\github\32_scala\scala\1_exemplo\HelloWorld.scala. Using presentation compiler with project's scala-library version: 3.3.6
2025.06.15 11:58:07 INFO  BSP server: Downloaded https://repo1.maven.org/maven2/net/java/dev/jna/jna/5.13.0/jna-5.13.0.jar
2025.06.15 11:58:07 INFO  BSP server: Downloading https://repo1.maven.org/maven2/org/scala-lang/modules/scala-collection-compat_2.12/2.11.0/scala-collection-compat_2.12-2.11.0.jar
2025.06.15 11:58:07 INFO  BSP server: Downloaded https://repo1.maven.org/maven2/org/apache/commons/commons-lang3/3.13.0/commons-lang3-3.13.0.jar
2025.06.15 11:58:07 INFO  BSP server: Downloading https://repo1.maven.org/maven2/com/eed3si9n/sjson-new-murmurhash_2.12/0.9.1/sjson-new-murmurhash_2.12-0.9.1.jar
2025.06.15 11:58:07 INFO  BSP server: Downloaded https://repo1.maven.org/maven2/com/eed3si9n/sjson-new-murmurhash_2.12/0.9.1/sjson-new-murmurhash_2.12-0.9.1.jar
2025.06.15 11:58:07 INFO  BSP server: Downloading https://repo1.maven.org/maven2/org/typelevel/cats-kernel_2.12/2.1.1/cats-kernel_2.12-2.1.1.jar
2025.06.15 11:58:07 INFO  BSP server: Downloaded https://repo1.maven.org/maven2/io/zipkin/brave/brave/5.16.0/brave-5.16.0.jar
2025.06.15 11:58:07 INFO  BSP server: Downloading https://repo1.maven.org/maven2/org/typelevel/macro-compat_2.12/1.1.1/macro-compat_2.12-1.1.1.jar
2025.06.15 11:58:08 INFO  BSP server: Downloaded https://repo1.maven.org/maven2/org/typelevel/macro-compat_2.12/1.1.1/macro-compat_2.12-1.1.1.jar
2025.06.15 11:58:08 INFO  BSP server: Downloading https://repo1.maven.org/maven2/com/eed3si9n/gigahorse-core_2.12/0.7.0/gigahorse-core_2.12-0.7.0.jar
2025.06.15 11:58:08 INFO  no build target found for C:\Users\Luan Lima\Desktop\github\32_scala\scala\1_exemplo\HelloWorld.scala. Using presentation compiler with project's scala-library version: 3.3.6
2025.06.15 11:58:08 INFO  no build target found for C:\Users\Luan Lima\Desktop\github\32_scala\scala\1_exemplo\HelloWorld.scala. Using presentation compiler with project's scala-library version: 3.3.6
2025.06.15 11:58:08 INFO  BSP server: Downloaded https://repo1.maven.org/maven2/com/eed3si9n/gigahorse-core_2.12/0.7.0/gigahorse-core_2.12-0.7.0.jar
2025.06.15 11:58:08 INFO  BSP server: Downloading https://repo1.maven.org/maven2/org/apache/logging/log4j/log4j-core/2.21.1/log4j-core-2.21.1.jar
2025.06.15 11:58:08 INFO  BSP server: Downloaded https://repo1.maven.org/maven2/org/scala-lang/modules/scala-collection-compat_2.12/2.11.0/scala-collection-compat_2.12-2.11.0.jar
2025.06.15 11:58:08 INFO  BSP server: Downloading https://repo1.maven.org/maven2/org/scala-sbt/ivy/ivy/2.3.0-sbt-396a783bba347016e7fe30dacc60d355be607fe2/ivy-2.3.0-sbt-396a783bba347016e7fe30dacc60d355be607fe2.jar
2025.06.15 11:58:11 WARN  no build target for: C:\Users\Luan Lima\Desktop\github\32_scala\scala\1_exemplo\HelloWorld.scala
2025.06.15 11:58:11 INFO  no build target found for C:\Users\Luan Lima\Desktop\github\32_scala\scala\1_exemplo\HelloWorld.scala. Using presentation compiler with project's scala-library version: 3.3.6
2025.06.15 11:58:11 INFO  no build target found for C:\Users\Luan Lima\Desktop\github\32_scala\scala\1_exemplo\HelloWorld.scala. Using presentation compiler with project's scala-library version: 3.3.6
2025.06.15 11:58:12 INFO  BSP server: Downloaded https://repo1.maven.org/maven2/org/scala-sbt/ivy/ivy/2.3.0-sbt-396a783bba347016e7fe30dacc60d355be607fe2/ivy-2.3.0-sbt-396a783bba347016e7fe30dacc60d355be607fe2.jar
2025.06.15 11:58:12 INFO  BSP server: Downloading https://repo1.maven.org/maven2/org/scala-lang/modules/scala-xml_2.12/2.2.0/scala-xml_2.12-2.2.0.jar
2025.06.15 11:58:14 INFO  BSP server: Downloaded https://repo1.maven.org/maven2/org/apache/logging/log4j/log4j-core/2.21.1/log4j-core-2.21.1.jar
2025.06.15 11:58:14 INFO  BSP server: Downloading https://repo1.maven.org/maven2/io/github/alexarchambault/libdaemon/libdaemon_2.12/0.0.11/libdaemon_2.12-0.0.11.jar
2025.06.15 11:58:14 INFO  BSP server: Downloaded https://repo1.maven.org/maven2/io/github/alexarchambault/libdaemon/libdaemon_2.12/0.0.11/libdaemon_2.12-0.0.11.jar
2025.06.15 11:58:14 INFO  BSP server: Downloading https://repo1.maven.org/maven2/io/zipkin/reporter2/zipkin-reporter/2.16.4/zipkin-reporter-2.16.4.jar
2025.06.15 11:58:14 INFO  BSP server: Downloaded https://repo1.maven.org/maven2/io/zipkin/reporter2/zipkin-reporter/2.16.4/zipkin-reporter-2.16.4.jar
2025.06.15 11:58:14 INFO  BSP server: Downloading https://repo1.maven.org/maven2/io/monix/implicitbox_2.12/0.2.0/implicitbox_2.12-0.2.0.jar
2025.06.15 11:58:14 INFO  BSP server: Downloaded https://repo1.maven.org/maven2/org/scala-lang/modules/scala-xml_2.12/2.2.0/scala-xml_2.12-2.2.0.jar
2025.06.15 11:58:14 INFO  BSP server: Downloading https://repo1.maven.org/maven2/com/outr/perfolation_2.12/1.2.8/perfolation_2.12-1.2.8.jar
2025.06.15 11:58:14 WARN  no build target for: C:\Users\Luan Lima\Desktop\github\32_scala\scala\1_exemplo\HelloWorld.scala
2025.06.15 11:58:14 INFO  no build target found for C:\Users\Luan Lima\Desktop\github\32_scala\scala\1_exemplo\HelloWorld.scala. Using presentation compiler with project's scala-library version: 3.3.6
2025.06.15 11:58:14 INFO  no build target found for C:\Users\Luan Lima\Desktop\github\32_scala\scala\1_exemplo\HelloWorld.scala. Using presentation compiler with project's scala-library version: 3.3.6
2025.06.15 11:58:14 INFO  BSP server: Downloaded https://repo1.maven.org/maven2/io/monix/implicitbox_2.12/0.2.0/implicitbox_2.12-0.2.0.jar
2025.06.15 11:58:14 INFO  BSP server: Downloading https://repo1.maven.org/maven2/com/eed3si9n/shaded-scalajson_2.12/1.0.0-M4/shaded-scalajson_2.12-1.0.0-M4.jar
2025.06.15 11:58:14 INFO  BSP server: Downloaded https://repo1.maven.org/maven2/com/outr/perfolation_2.12/1.2.8/perfolation_2.12-1.2.8.jar
2025.06.15 11:58:14 INFO  BSP server: Downloading https://repo1.maven.org/maven2/org/scala-sbt/zinc-classpath_2.12/1.9.5/zinc-classpath_2.12-1.9.5.jar
2025.06.15 11:58:14 INFO  BSP server: Downloaded https://repo1.maven.org/maven2/com/eed3si9n/shaded-scalajson_2.12/1.0.0-M4/shaded-scalajson_2.12-1.0.0-M4.jar
2025.06.15 11:58:14 INFO  BSP server: Downloading https://repo1.maven.org/maven2/org/scala-sbt/sbinary_2.12/0.5.1/sbinary_2.12-0.5.1.jar
2025.06.15 11:58:15 INFO  BSP server: Downloaded https://repo1.maven.org/maven2/org/scala-sbt/zinc-classpath_2.12/1.9.5/zinc-classpath_2.12-1.9.5.jar
2025.06.15 11:58:15 INFO  BSP server: Downloading https://repo1.maven.org/maven2/org/scala-sbt/zinc-compile-core_2.12/1.9.5/zinc-compile-core_2.12-1.9.5.jar
2025.06.15 11:58:15 INFO  BSP server: Downloaded https://repo1.maven.org/maven2/org/scala-sbt/sbinary_2.12/0.5.1/sbinary_2.12-0.5.1.jar
2025.06.15 11:58:15 INFO  BSP server: Downloading https://repo1.maven.org/maven2/org/scala-sbt/jline/jline/2.14.7-sbt-a1b0ffbb8f64bb820f4f84a0c07a0c0964507493/jline-2.14.7-sbt-a1b0ffbb8f64bb820f4f84a0c07a0c0964507493.jar
2025.06.15 11:58:15 INFO  BSP server: Downloaded https://repo1.maven.org/maven2/org/scala-sbt/zinc-compile-core_2.12/1.9.5/zinc-compile-core_2.12-1.9.5.jar
2025.06.15 11:58:15 INFO  BSP server: Downloading https://repo1.maven.org/maven2/org/scala-sbt/zinc-persist_2.12/1.9.5/zinc-persist_2.12-1.9.5.jar
2025.06.15 11:58:16 INFO  BSP server: Downloaded https://repo1.maven.org/maven2/org/scala-sbt/jline/jline/2.14.7-sbt-a1b0ffbb8f64bb820f4f84a0c07a0c0964507493/jline-2.14.7-sbt-a1b0ffbb8f64bb820f4f84a0c07a0c0964507493.jar
2025.06.15 11:58:16 INFO  BSP server: Downloading https://repo1.maven.org/maven2/org/scala-sbt/zinc-apiinfo_2.12/1.9.5/zinc-apiinfo_2.12-1.9.5.jar
2025.06.15 11:58:16 INFO  BSP server: Downloaded https://repo1.maven.org/maven2/org/scala-sbt/zinc-persist_2.12/1.9.5/zinc-persist_2.12-1.9.5.jar
2025.06.15 11:58:16 INFO  BSP server: Downloading https://repo1.maven.org/maven2/io/github/alexarchambault/bleep/bloop-shared_2.12/1.5.11-sc-3/bloop-shared_2.12-1.5.11-sc-3.jar
2025.06.15 11:58:16 INFO  BSP server: Downloaded https://repo1.maven.org/maven2/org/scala-sbt/zinc-apiinfo_2.12/1.9.5/zinc-apiinfo_2.12-1.9.5.jar
2025.06.15 11:58:16 INFO  BSP server: Downloading https://repo1.maven.org/maven2/org/scala-sbt/util-logging_2.12/1.9.4/util-logging_2.12-1.9.4.jar
2025.06.15 11:58:16 INFO  BSP server: Downloaded https://repo1.maven.org/maven2/io/github/alexarchambault/bleep/bloop-shared_2.12/1.5.11-sc-3/bloop-shared_2.12-1.5.11-sc-3.jar
2025.06.15 11:58:16 INFO  BSP server: Downloading https://repo1.maven.org/maven2/com/typesafe/ssl-config-core_2.12/0.6.1/ssl-config-core_2.12-0.6.1.jar
2025.06.15 11:58:17 INFO  BSP server: Downloaded https://repo1.maven.org/maven2/org/scala-lang/scala-library/2.12.18/scala-library-2.12.18.jar
2025.06.15 11:58:17 INFO  BSP server: Downloading https://repo1.maven.org/maven2/com/eed3si9n/shaded-jawn-parser_2.12/0.9.1/shaded-jawn-parser_2.12-0.9.1.jar
2025.06.15 11:58:17 INFO  BSP server: Downloaded https://repo1.maven.org/maven2/com/eed3si9n/shaded-jawn-parser_2.12/0.9.1/shaded-jawn-parser_2.12-0.9.1.jar
2025.06.15 11:58:17 INFO  BSP server: Downloading https://repo1.maven.org/maven2/org/apache/logging/log4j/log4j-api/2.21.1/log4j-api-2.21.1.jar
2025.06.15 11:58:17 INFO  BSP server: Downloaded https://repo1.maven.org/maven2/com/typesafe/ssl-config-core_2.12/0.6.1/ssl-config-core_2.12-0.6.1.jar
2025.06.15 11:58:17 INFO  BSP server: Downloading https://repo1.maven.org/maven2/org/zeroturnaround/zt-zip/1.16/zt-zip-1.16.jar
2025.06.15 11:58:17 INFO  BSP server: Downloaded https://repo1.maven.org/maven2/org/zeroturnaround/zt-zip/1.16/zt-zip-1.16.jar
2025.06.15 11:58:17 INFO  BSP server: Downloading https://repo1.maven.org/maven2/org/scala-sbt/librarymanagement-ivy_2.12/1.9.3/librarymanagement-ivy_2.12-1.9.3.jar
2025.06.15 11:58:18 INFO  BSP server: Downloaded https://repo1.maven.org/maven2/org/scala-sbt/util-logging_2.12/1.9.4/util-logging_2.12-1.9.4.jar
2025.06.15 11:58:18 INFO  BSP server: Downloading https://repo1.maven.org/maven2/com/lmax/disruptor/3.4.2/disruptor-3.4.2.jar
2025.06.15 11:58:18 INFO  BSP server: Downloaded https://repo1.maven.org/maven2/com/lmax/disruptor/3.4.2/disruptor-3.4.2.jar
2025.06.15 11:58:18 INFO  BSP server: Downloading https://repo1.maven.org/maven2/ch/qos/logback/logback-classic/1.4.6/logback-classic-1.4.6.jar
2025.06.15 11:58:18 INFO  BSP server: Downloaded https://repo1.maven.org/maven2/org/apache/logging/log4j/log4j-api/2.21.1/log4j-api-2.21.1.jar
2025.06.15 11:58:18 INFO  BSP server: Downloading https://repo1.maven.org/maven2/org/typelevel/cats-core_2.12/2.1.1/cats-core_2.12-2.1.1.jar
2025.06.15 11:58:20 INFO  BSP server: Downloaded https://repo1.maven.org/maven2/ch/qos/logback/logback-classic/1.4.6/logback-classic-1.4.6.jar
2025.06.15 11:58:20 INFO  BSP server: Downloading https://repo1.maven.org/maven2/org/scala-sbt/collections_2.12/1.9.4/collections_2.12-1.9.4.jar
2025.06.15 11:58:20 INFO  BSP server: Downloaded https://repo1.maven.org/maven2/org/scala-sbt/librarymanagement-ivy_2.12/1.9.3/librarymanagement-ivy_2.12-1.9.3.jar
2025.06.15 11:58:20 INFO  BSP server: Downloading https://repo1.maven.org/maven2/com/chuusai/shapeless_2.12/2.3.3/shapeless_2.12-2.3.3.jar
2025.06.15 11:58:20 INFO  BSP server: Downloaded https://repo1.maven.org/maven2/org/typelevel/cats-kernel_2.12/2.1.1/cats-kernel_2.12-2.1.1.jar
2025.06.15 11:58:21 INFO  BSP server: Downloaded https://repo1.maven.org/maven2/org/scala-sbt/collections_2.12/1.9.4/collections_2.12-1.9.4.jar
2025.06.15 11:58:27 INFO  BSP server: Still downloading:
2025.06.15 11:58:27 INFO  BSP server: https://repo1.maven.org/maven2/org/scalaz/scalaz-core_2.12/7.3.7/scalaz-core_2.12-7.3.7.jar (95.13 %, 9353216 / 9831992)
2025.06.15 11:58:27 INFO  BSP server: https://repo1.maven.org/maven2/com/chuusai/shapeless_2.12/2.3.3/shapeless_2.12-2.3.3.jar (78.70 %, 2552498 / 3243337)
2025.06.15 11:58:27 INFO  BSP server: https://repo1.maven.org/maven2/org/typelevel/cats-core_2.12/2.1.1/cats-core_2.12-2.1.1.jar (76.61 %, 3691241 / 4818064)
2025.06.15 11:58:27 INFO  BSP server: https://repo1.maven.org/maven2/io/get-coursier/interface/1.0.13/interface-1.0.13.jar (57.36 %, 5865246 / 10225728)
2025.06.15 11:58:27 INFO  BSP server: 
2025.06.15 11:58:29 INFO  BSP server: Downloaded https://repo1.maven.org/maven2/org/scalaz/scalaz-core_2.12/7.3.7/scalaz-core_2.12-7.3.7.jar
2025.06.15 11:58:29 INFO  BSP server: Downloaded https://repo1.maven.org/maven2/org/typelevel/cats-core_2.12/2.1.1/cats-core_2.12-2.1.1.jar
2025.06.15 11:58:29 INFO  BSP server: Downloaded https://repo1.maven.org/maven2/com/chuusai/shapeless_2.12/2.3.3/shapeless_2.12-2.3.3.jar
2025.06.15 11:58:29 ERROR Timeout waiting for 'build/initialize' response
2025.06.15 11:58:29 WARN  Retrying connection to the build server scala-cli
2025.06.15 11:58:29 INFO  Running BSP server List(C:\Users\Luan Lima\AppData\Local\Coursier\data\bin\.scala-cli.aux.exe, bsp, --json-options, C:\Users\Luan Lima\Desktop\github\32_scala\scala\1_exemplo\.scala-build\ide-options-v2.json, C:\Users\Luan Lima\Desktop\github\32_scala\scala\1_exemplo)
2025.06.15 11:58:29 INFO  tracing is disabled for protocol BSP, to enable tracing of incoming and outgoing JSON messages create an empty file at C:\Users\Luan Lima\Desktop\github\32_scala\scala\1_exemplo\.metals\bsp.trace.json or C:\Users\Luan Lima\AppData\Local\scalameta\metals\cache\bsp.trace.json
2025.06.15 11:58:30 INFO  BSP server: Downloading https://repo1.maven.org/maven2/io/get-coursier/interface/1.0.13/interface-1.0.13.jar
2025.06.15 11:58:33 INFO  BSP server: Downloaded https://repo1.maven.org/maven2/io/get-coursier/interface/1.0.13/interface-1.0.13.jar
2025.06.15 11:58:33 INFO  BSP server: Starting compilation server
2025.06.15 11:58:52 INFO  no build target found for C:\Users\Luan Lima\Desktop\github\32_scala\scala\1_exemplo\HelloWorld.scala. Using presentation compiler with project's scala-library version: 3.3.6
2025.06.15 11:58:52 INFO  no build target found for C:\Users\Luan Lima\Desktop\github\32_scala\scala\1_exemplo\HelloWorld.scala. Using presentation compiler with project's scala-library version: 3.3.6
2025.06.15 11:58:52 INFO  no build target found for C:\Users\Luan Lima\Desktop\github\32_scala\scala\1_exemplo\HelloWorld.scala. Using presentation compiler with project's scala-library version: 3.3.6
2025.06.15 11:58:53 INFO  no build target found for C:\Users\Luan Lima\Desktop\github\32_scala\scala\1_exemplo\HelloWorld.scala. Using presentation compiler with project's scala-library version: 3.3.6
2025.06.15 11:58:53 INFO  no build target found for C:\Users\Luan Lima\Desktop\github\32_scala\scala\1_exemplo\HelloWorld.scala. Using presentation compiler with project's scala-library version: 3.3.6
2025.06.15 11:58:54 INFO  no build target found for C:\Users\Luan Lima\Desktop\github\32_scala\scala\1_exemplo\HelloWorld.scala. Using presentation compiler with project's scala-library version: 3.3.6
2025.06.15 11:58:54 WARN  no build target for: C:\Users\Luan Lima\Desktop\github\32_scala\scala\1_exemplo\HelloWorld.scala
2025.06.15 11:58:54 INFO  no build target found for C:\Users\Luan Lima\Desktop\github\32_scala\scala\1_exemplo\HelloWorld.scala. Using presentation compiler with project's scala-library version: 3.3.6
2025.06.15 11:59:29 ERROR Timeout waiting for 'build/initialize' response
2025.06.15 11:59:29 WARN  Retrying connection to the build server scala-cli
2025.06.15 11:59:29 INFO  Running BSP server List(C:\Users\Luan Lima\AppData\Local\Coursier\data\bin\.scala-cli.aux.exe, bsp, --json-options, C:\Users\Luan Lima\Desktop\github\32_scala\scala\1_exemplo\.scala-build\ide-options-v2.json, C:\Users\Luan Lima\Desktop\github\32_scala\scala\1_exemplo)
2025.06.15 11:59:29 INFO  tracing is disabled for protocol BSP, to enable tracing of incoming and outgoing JSON messages create an empty file at C:\Users\Luan Lima\Desktop\github\32_scala\scala\1_exemplo\.metals\bsp.trace.json or C:\Users\Luan Lima\AppData\Local\scalameta\metals\cache\bsp.trace.json
2025.06.15 11:59:31 INFO  BSP server: Starting compilation server
2025.06.15 12:00:12 INFO  no build target found for C:\Users\Luan Lima\Desktop\github\32_scala\scala\1_exemplo\HelloWorld.scala. Using presentation compiler with project's scala-library version: 3.3.6
2025.06.15 12:00:12 INFO  no build target found for C:\Users\Luan Lima\Desktop\github\32_scala\scala\1_exemplo\HelloWorld.scala. Using presentation compiler with project's scala-library version: 3.3.6
2025.06.15 12:00:13 INFO  no build target found for C:\Users\Luan Lima\Desktop\github\32_scala\scala\1_exemplo\HelloWorld.scala. Using presentation compiler with project's scala-library version: 3.3.6
2025.06.15 12:00:13 WARN  Could not find semantic tokens for: file:///C:/Users/Luan%20Lima/Desktop/github/32_scala/scala/1_exemplo/HelloWorld.scala
2025.06.15 12:00:13 INFO  no build target found for C:\Users\Luan Lima\Desktop\github\32_scala\scala\1_exemplo\HelloWorld.scala. Using presentation compiler with project's scala-library version: 3.3.6
2025.06.15 12:00:13 INFO  no build target found for C:\Users\Luan Lima\Desktop\github\32_scala\scala\1_exemplo\HelloWorld.scala. Using presentation compiler with project's scala-library version: 3.3.6
2025.06.15 12:00:14 WARN  no build target for: C:\Users\Luan Lima\Desktop\github\32_scala\scala\1_exemplo\HelloWorld.scala
2025.06.15 12:00:14 INFO  no build target found for C:\Users\Luan Lima\Desktop\github\32_scala\scala\1_exemplo\HelloWorld.scala. Using presentation compiler with project's scala-library version: 3.3.6
2025.06.15 12:00:14 INFO  no build target found for C:\Users\Luan Lima\Desktop\github\32_scala\scala\1_exemplo\HelloWorld.scala. Using presentation compiler with project's scala-library version: 3.3.6
2025.06.15 12:00:29 ERROR Timeout waiting for 'build/initialize' response
2025.06.15 12:00:29 WARN  Retrying connection to the build server scala-cli
2025.06.15 12:00:29 INFO  Running BSP server List(C:\Users\Luan Lima\AppData\Local\Coursier\data\bin\.scala-cli.aux.exe, bsp, --json-options, C:\Users\Luan Lima\Desktop\github\32_scala\scala\1_exemplo\.scala-build\ide-options-v2.json, C:\Users\Luan Lima\Desktop\github\32_scala\scala\1_exemplo)
2025.06.15 12:00:29 INFO  tracing is disabled for protocol BSP, to enable tracing of incoming and outgoing JSON messages create an empty file at C:\Users\Luan Lima\Desktop\github\32_scala\scala\1_exemplo\.metals\bsp.trace.json or C:\Users\Luan Lima\AppData\Local\scalameta\metals\cache\bsp.trace.json
2025.06.15 12:00:31 INFO  BSP server: Starting compilation server
2025.06.15 12:01:29 ERROR Timeout waiting for 'build/initialize' response
2025.06.15 12:01:29 WARN  Retrying connection to the build server scala-cli
2025.06.15 12:01:29 INFO  Running BSP server List(C:\Users\Luan Lima\AppData\Local\Coursier\data\bin\.scala-cli.aux.exe, bsp, --json-options, C:\Users\Luan Lima\Desktop\github\32_scala\scala\1_exemplo\.scala-build\ide-options-v2.json, C:\Users\Luan Lima\Desktop\github\32_scala\scala\1_exemplo)
2025.06.15 12:01:29 INFO  tracing is disabled for protocol BSP, to enable tracing of incoming and outgoing JSON messages create an empty file at C:\Users\Luan Lima\Desktop\github\32_scala\scala\1_exemplo\.metals\bsp.trace.json or C:\Users\Luan Lima\AppData\Local\scalameta\metals\cache\bsp.trace.json
2025.06.15 12:01:30 INFO  BSP server: Starting compilation server
2025.06.15 12:02:29 ERROR Timeout waiting for 'build/initialize' response
2025.06.15 12:02:29 WARN  Retrying connection to the build server scala-cli
2025.06.15 12:02:29 INFO  Running BSP server List(C:\Users\Luan Lima\AppData\Local\Coursier\data\bin\.scala-cli.aux.exe, bsp, --json-options, C:\Users\Luan Lima\Desktop\github\32_scala\scala\1_exemplo\.scala-build\ide-options-v2.json, C:\Users\Luan Lima\Desktop\github\32_scala\scala\1_exemplo)
2025.06.15 12:02:29 INFO  tracing is disabled for protocol BSP, to enable tracing of incoming and outgoing JSON messages create an empty file at C:\Users\Luan Lima\Desktop\github\32_scala\scala\1_exemplo\.metals\bsp.trace.json or C:\Users\Luan Lima\AppData\Local\scalameta\metals\cache\bsp.trace.json
2025.06.15 12:02:31 INFO  BSP server: Starting compilation server
2025.06.15 12:03:29 ERROR Timeout waiting for 'build/initialize' response
2025.06.15 12:03:29 ERROR Failed to connect with build server, no functionality will work.
java.util.concurrent.TimeoutException
	at java.util.concurrent.CompletableFuture.timedGet(CompletableFuture.java:1960)
	at java.util.concurrent.CompletableFuture.get(CompletableFuture.java:2095)
	at scala.meta.internal.metals.BuildServerConnection$.initialize(BuildServerConnection.scala:758)
	at scala.meta.internal.metals.BuildServerConnection$.$anonfun$fromSockets$1(BuildServerConnection.scala:629)
	at scala.concurrent.impl.Promise$Transformation.run(Promise.scala:467)
	at java.util.concurrent.ThreadPoolExecutor.runWorker(ThreadPoolExecutor.java:1136)
	at java.util.concurrent.ThreadPoolExecutor$Worker.run(ThreadPoolExecutor.java:635)
	at java.lang.Thread.run(Thread.java:842)

2025.06.15 12:03:29 WARN  no build target for: C:\Users\Luan Lima\Desktop\github\32_scala\scala\1_exemplo\HelloWorld.scala
2025.06.15 12:03:29 INFO  no build target found for C:\Users\Luan Lima\Desktop\github\32_scala\scala\1_exemplo\HelloWorld.scala. Using presentation compiler with project's scala-library version: 3.3.6
2025.06.15 12:03:29 INFO  no build target found for C:\Users\Luan Lima\Desktop\github\32_scala\scala\1_exemplo\HelloWorld.scala. Using presentation compiler with project's scala-library version: 3.3.6
2025.06.15 12:03:30 INFO  no build target found for C:\Users\Luan Lima\Desktop\github\32_scala\scala\1_exemplo\HelloWorld.scala. Using presentation compiler with project's scala-library version: 3.3.6
2025.06.15 12:03:30 INFO  time: code lens generation in 1.17s
2025.06.15 12:03:30 INFO  time: code lens generation in 1.17s
2025.06.15 12:03:30 INFO  time: code lens generation in 1.17s
2025.06.15 12:03:30 INFO  time: code lens generation in 1.17s
2025.06.15 12:03:30 INFO  time: code lens generation in 1.16s
2025.06.15 12:03:30 INFO  time: code lens generation in 1.17s
2025.06.15 12:03:30 INFO  time: code lens generation in 1.17s
2025.06.15 12:03:30 INFO  time: code lens generation in 1.17s
2025.06.15 12:03:30 INFO  time: code lens generation in 1.16s
2025.06.15 12:03:30 INFO  time: code lens generation in 1.16s
2025.06.15 12:03:30 INFO  time: code lens generation in 1.16s
2025.06.15 12:03:30 INFO  time: code lens generation in 1.17s
2025.06.15 12:03:30 INFO  time: code lens generation in 1.17s
2025.06.15 12:03:30 INFO  time: code lens generation in 1.17s
2025.06.15 12:03:30 INFO  time: code lens generation in 1.16s
2025.06.15 12:03:30 INFO  time: code lens generation in 1.17s
2025.06.15 12:03:30 INFO  time: code lens generation in 1.16s
2025.06.15 12:03:30 INFO  time: code lens generation in 1.16s
2025.06.16 06:20:35 WARN  no build target for: C:\Users\Luan Lima\Desktop\github\32_scala\scala\1_exemplo\HelloWorld.scala
2025.06.16 06:20:35 INFO  no build target found for C:\Users\Luan Lima\Desktop\github\32_scala\scala\1_exemplo\HelloWorld.scala. Using presentation compiler with project's scala-library version: 3.3.6
2025.06.16 06:20:35 INFO  no build target found for C:\Users\Luan Lima\Desktop\github\32_scala\scala\1_exemplo\HelloWorld.scala. Using presentation compiler with project's scala-library version: 3.3.6
2025.06.16 06:20:35 INFO  no build target found for C:\Users\Luan Lima\Desktop\github\32_scala\scala\1_exemplo\HelloWorld.scala. Using presentation compiler with project's scala-library version: 3.3.6
2025.06.17 08:11:21 INFO  Shutting down server
2025.06.17 08:11:21 INFO  shutting down Metals
2025.06.17 08:11:22 INFO  Exiting server
